[    1234ms] [INFO] ILC plugins SDK: Enabling "reporting" plugin ... @ https://spaceship-cdn.com/ilc-conventional/9221f2db1eced173433ff120ff9a8be6e76a44d8/client.js:97
[    1234ms] [INFO] ILC plugins SDK: Enabling "transitionHooks" plugin ... @ https://spaceship-cdn.com/ilc-conventional/9221f2db1eced173433ff120ff9a8be6e76a44d8/client.js:97
[    1238ms] [INFO] {now: 1786668363, hash: 3718087656, memoName: registry_getTemplate, id: undefined, cachedAt: 1786668339} [ILC Cache]: Item read from cache. Cache is actual @ https://spaceship-cdn.com/ilc-conventional/9221f2db1eced173433ff120ff9a8be6e76a44d8/client.js:97
[    1294ms] [INFO] ILC: Registry service preheated successfully @ https://spaceship-cdn.com/ilc-conventional/9221f2db1eced173433ff120ff9a8be6e76a44d8/client.js:97
[    1303ms] [INFO] ILC: Registering app @cookieconsent after 64.20000000298023 milliseconds. @ https://spaceship-cdn.com/ilc-conventional/9221f2db1eced173433ff120ff9a8be6e76a44d8/client.js:97
[    1309ms] [INFO] ILC: Registering app @header after 69.5 milliseconds. @ https://spaceship-cdn.com/ilc-conventional/9221f2db1eced173433ff120ff9a8be6e76a44d8/client.js:97
[    1311ms] [INFO] ILC: Registering app @user-restrictions after 71.29999999701977 milliseconds. @ https://spaceship-cdn.com/ilc-conventional/9221f2db1eced173433ff120ff9a8be6e76a44d8/client.js:97
[    1312ms] [INFO] ILC: Registering app @body after 72.5 milliseconds. @ https://spaceship-cdn.com/ilc-conventional/9221f2db1eced173433ff120ff9a8be6e76a44d8/client.js:97
[    1313ms] [INFO] ILC: Registering app @newsletter after 73.90000000596046 milliseconds. @ https://spaceship-cdn.com/ilc-conventional/9221f2db1eced173433ff120ff9a8be6e76a44d8/client.js:97
[    1315ms] [INFO] ILC: Registering app @footer after 75.29999999701977 milliseconds. @ https://spaceship-cdn.com/ilc-conventional/9221f2db1eced173433ff120ff9a8be6e76a44d8/client.js:97
[    1317ms] [INFO] ILC: Registering app @wizard after 77.20000000298023 milliseconds. @ https://spaceship-cdn.com/ilc-conventional/9221f2db1eced173433ff120ff9a8be6e76a44d8/client.js:97
[    1318ms] [INFO] ILC: Registering app @alf-launcher after 78.5 milliseconds. @ https://spaceship-cdn.com/ilc-conventional/9221f2db1eced173433ff120ff9a8be6e76a44d8/client.js:97
[    1783ms] [INFO] ILC: Client side route change to "/domain-search/*" took 499 milliseconds. @ https://spaceship-cdn.com/ilc-conventional/9221f2db1eced173433ff120ff9a8be6e76a44d8/client.js:97
[    1784ms] [INFO] ILC: Client side route change to "/domain-search/*" but <title> is <empty> @ https://spaceship-cdn.com/ilc-conventional/9221f2db1eced173433ff120ff9a8be6e76a44d8/client.js:97
[    2219ms] [ERROR] Blocked script execution in 'about:blank' because the document's frame is sandboxed and the 'allow-scripts' permission is not set. @ about:blank:0
[    2219ms] [ERROR] Blocked script execution in 'about:blank' because the document's frame is sandboxed and the 'allow-scripts' permission is not set. @ about:blank:0
[    2292ms] [ERROR] Loading the image 'https://www.google.com.uy/pagead/1p-user-list/11087426027/?random=1786668364025&cv=11&fst=1786665600000&bg=ffffff&guid=ON&async=1&gtm=45892e68c1v9169053390z8812356919za20gzb812356919zd812356919xea&gcd=13t3t3t3t5l1&dma=0&tag_exp=115938465~115938468~118897920~118897930~119367802~119367810~119527019~120385422&u_w=412&u_h=823&url=https%3A%2F%2Fwww.spaceship.com%2Fdomain-search%2F%3Fquery%3D%26tab%3Ddomains&rcb=3&frm=0&tiba=Domain%20Name%20Search%20%7C%20Free%20Domain%20Availability%20Tool%20-%20Spaceship&hn=ww...e%3B151.0.7922.109%7CChromium%3B151.0.7922.109&uamb=0&uam=&uap=Windows&uapv=19.0.0&uaw=0&_tu=CA&data=ads_data_redaction%3Dfalse&gap.gtb=2&ept=9&rfmt=3&fmt=3&is_vtc=1&cid=CAQS4QEAEQoqgQU1Q5rxQWby2aXt9btOjOdWQKrVGU93AbVTT4h6BXpHBS7K-KLEtlFt2_VmkHnrvyrvzfcX9WLlYwO0d2sxgU4-pbFGzXWstPFzRKfixYxdawgS-Up4s8T4MMM4_pRXIoPcJdYty1DTwFSF_J3aT596EnSLMMGV7HALg0cJQp2LjJepkjfmD5uno20Sqk1wLSwNMA2DvFZFOr2unbDVFmmHVcpfPvDOWCtTG7XNX_YE2cVKskahpc8rqcxdF_QAShtLix1hfSzlxVVKh80DdX3EsJ3LPAdLRnkIEL0&random=215047369&rmt_tld=1&ipr=y' violates the following Content Security Policy directive: "img-src 'self' https://spaceship-cdn.com https://*.paypal.com https://*.google-analytics.com https://*.analytics.google.com https://*.googletagmanager.com https://*.doubleclick.net https://*.google.com https://bam.nr-data.net blob: data: https://*.crazyegg.com https://api.producthunt.com https://ads-twitter.com https://ads-api.twitter.com https://analytics.twitter.com https://bat.bing.com https://bat.bing.net https://t.co https://www.facebook.com https://*.trustpilot.com https://static.websitebuilder-cdn.com https://thumbnail.easywp.com https://*.reddit.com https://*.twimg.com". The action has been blocked. @ https://www.spaceship.com/domain-search/?query=&tab=domains:0
[    2315ms] [WARNING] [Meta Pixel] - Removed URL query parameters due to potential violations. @ https://connect.facebook.net/en_US/fbevents.js:197
[    2326ms] [WARNING] [Meta Pixel] - You are sending a non-standard event 'DomainSearch'. The preferred way to send these events is using trackCustom. See 'https://developers.facebook.com/docs/ads-for-websites/pixel-events/#events' for more information. @ https://connect.facebook.net/en_US/fbevents.js:197
[    2362ms] [ERROR] Framing 'https://www.facebook.com/' violates the following Content Security Policy directive: "frame-src https://*.paypal.com https://js.stripe.com https://www.google.com https://*.doubleclick.net https://*.googletagmanager.com https://*.crazyegg.com https://*.trustpilot.com https://chat.engagement.ai blob: https://hooks.stripe.com https://challenges.cloudflare.com https://cdn.plaid.com https://www.spaceship.com https://alf-website.www.spaceship.com https://www.youtube-nocookie.com https://platform.twitter.com https://*.veriff.com https://*.veriff.me". The request has been blocked.
 @ https://www.spaceship.com/a8qr77ff/S3YIkbn2NDYsbgkCuYfmYY93BW5pOSBgzpbWyczxEagThwrT5apsZcU:864
[    2388ms] [ERROR] Framing 'https://www.facebook.com/' violates the following Content Security Policy directive: "frame-src https://*.paypal.com https://js.stripe.com https://www.google.com https://*.doubleclick.net https://*.googletagmanager.com https://*.crazyegg.com https://*.trustpilot.com https://chat.engagement.ai blob: https://hooks.stripe.com https://challenges.cloudflare.com https://cdn.plaid.com https://www.spaceship.com https://alf-website.www.spaceship.com https://www.youtube-nocookie.com https://platform.twitter.com https://*.veriff.com https://*.veriff.me". The request has been blocked.
 @ https://www.spaceship.com/a8qr77ff/S3YIkbn2NDYsbgkCuYfmYY93BW5pOSBgzpbWyczxEagThwrT5apsZcU:864
