[     431ms] [LOG] %c
▲

 _____ _              _                    _   _             __
|_   _| |__   ___    / \   __ _  ___ _ __ | |_(_) ___       / /
  | | | '_ \ / _ \  / _ \ / _` |/ _ \ '_ \| __| |/ __|     / /
  | | | | | |  __/ / ___ \ (_| |  __/ | | | |_| | (__     /_/
  |_| |_| |_|\___|/_/   \_\__, |\___|_| |_|\__|_|\___|    (_)
                           |___/
 ___        __               _                   _                 _
|_ _|_ __  / _|_ __ __ _ ___| |_ _ __ _   _  ___| |_ _   _ _ __ ___
 | || '_ \| |_| '__/ _` / __| __| '__| | | |/ __| __| | | | '__/ _ \
 | || | | |  _| | | (_| \__ \ |_| |  | |_| | (__| |_| |_| | | |  __/
|___|_| |_|_| |_|  \__,_|___/\__|_|   \__,_|\___|\__|\__,_|_|  \___|
  

Hello!

- Open Source https://vercel.com/oss
- Careers https://vercel.com/careers
- Status https://vercel-status.com

 font-family: "Geist Mono", monospace; white-space: pre; line-height: 1; @ https://vercel.com/_next/static/immutable/chunks/1kozh3sffh1_n.js:78
[    2526ms] [ERROR] Failed to load resource: the server responded with a status of 403 () @ https://vercel.com/api/jwt:0
[    2775ms] [LOG] Error @ https://vercel.com/149e9513-01fa-4fb0-aad4-566afd725d1b/2d206a39-8ed7-437e-a3be-862e0f06eea3/a-4-a/c.js?i=0&v=3&h=vercel.com:0
[    3172ms] [WARNING] Deprecated API for given entry type. @ https://vercel.com/_next/static/immutable/chunks/0tg7f80-pldfz.js:18
[    4754ms] [LOG] Error @ :2
[    4790ms] [LOG] Error @ :2
[    4792ms] [LOG] Error @ :2
[    5106ms] [WARNING] Unable to create a text session because the service is not running. @ https://vercel.com/149e9513-01fa-4fb0-aad4-566afd725d1b/2d206a39-8ed7-437e-a3be-862e0f06eea3/fp?x-kpsdk-v=j-1.2.661:0
[    5112ms] [WARNING] The resource https://vercel.com/_next/static/immutable/media/logo-vercel-dark.3bae9lxmoeqty.svg was preloaded using link preload but not used within a few seconds from the window's load event. Please make sure it has an appropriate `as` value and it is preloaded intentionally. @ https://vercel.com/domains/search?query=pasteleriafatima.com:0
[    5112ms] [WARNING] The resource https://vercel.com/_next/static/immutable/media/logo-vercel-light.1xgi91gcqswpt.svg was preloaded using link preload but not used within a few seconds from the window's load event. Please make sure it has an appropriate `as` value and it is preloaded intentionally. @ https://vercel.com/domains/search?query=pasteleriafatima.com:0
[    5112ms] [WARNING] The resource https://vercel.com/_next/static/immutable/chunks/1n2ul1ugm573d.css was preloaded using link preload but not used within a few seconds from the window's load event. Please make sure it has an appropriate `as` value and it is preloaded intentionally. @ https://vercel.com/domains/search?query=pasteleriafatima.com:0
[    5112ms] [WARNING] The resource https://vercel.com/_next/static/immutable/chunks/0fsfy6qg0ooq4.css was preloaded using link preload but not used within a few seconds from the window's load event. Please make sure it has an appropriate `as` value and it is preloaded intentionally. @ https://vercel.com/domains/search?query=pasteleriafatima.com:0
[    5112ms] [WARNING] The resource https://vercel.com/_next/static/immutable/chunks/3flhcz7cw314y.css was preloaded using link preload but not used within a few seconds from the window's load event. Please make sure it has an appropriate `as` value and it is preloaded intentionally. @ https://vercel.com/domains/search?query=pasteleriafatima.com:0
[    5486ms] [WARNING] Unable to create a text session because the service is not running. @ https://vercel.com/149e9513-01fa-4fb0-aad4-566afd725d1b/2d206a39-8ed7-437e-a3be-862e0f06eea3/fp?x-kpsdk-v=j-1.2.661:0
[    5923ms] [WARNING] Unable to create a text session because the service is not running. @ https://vercel.com/149e9513-01fa-4fb0-aad4-566afd725d1b/2d206a39-8ed7-437e-a3be-862e0f06eea3/fp?x-kpsdk-v=j-1.2.661:0
[    5953ms] [LOG] Error @ :2
[    6059ms] [WARNING] Unable to create a text session because the service is not running. @ https://vercel.com/149e9513-01fa-4fb0-aad4-566afd725d1b/2d206a39-8ed7-437e-a3be-862e0f06eea3/fp?x-kpsdk-v=j-1.2.661:0
[    6061ms] [WARNING] The requested language options are not supported. @ https://vercel.com/149e9513-01fa-4fb0-aad4-566afd725d1b/2d206a39-8ed7-437e-a3be-862e0f06eea3/fp?x-kpsdk-v=j-1.2.661:0
[    6062ms] [ERROR] Unsupported Summarizer API languages were specified, and the request was aborted. API calls must only specify supported languages to ensure successful processing and guarantee output characteristics. Please only specify supported language codes: [de, en, es, fr, ja] @ https://vercel.com/149e9513-01fa-4fb0-aad4-566afd725d1b/2d206a39-8ed7-437e-a3be-862e0f06eea3/fp?x-kpsdk-v=j-1.2.661:0
[    6062ms] [WARNING] The requested language options are not supported. @ https://vercel.com/149e9513-01fa-4fb0-aad4-566afd725d1b/2d206a39-8ed7-437e-a3be-862e0f06eea3/fp?x-kpsdk-v=j-1.2.661:0
[    6062ms] [WARNING] The requested language options are not supported. @ https://vercel.com/149e9513-01fa-4fb0-aad4-566afd725d1b/2d206a39-8ed7-437e-a3be-862e0f06eea3/fp?x-kpsdk-v=j-1.2.661:0
[    6063ms] [WARNING] The requested language options are not supported. @ https://vercel.com/149e9513-01fa-4fb0-aad4-566afd725d1b/2d206a39-8ed7-437e-a3be-862e0f06eea3/fp?x-kpsdk-v=j-1.2.661:0
[    6063ms] [WARNING] Unable to create a text session because the service is not running. @ https://vercel.com/149e9513-01fa-4fb0-aad4-566afd725d1b/2d206a39-8ed7-437e-a3be-862e0f06eea3/fp?x-kpsdk-v=j-1.2.661:0
[    6064ms] [WARNING] The requested language options are not supported. @ https://vercel.com/149e9513-01fa-4fb0-aad4-566afd725d1b/2d206a39-8ed7-437e-a3be-862e0f06eea3/fp?x-kpsdk-v=j-1.2.661:0
[    6064ms] [WARNING] The requested language options are not supported. @ https://vercel.com/149e9513-01fa-4fb0-aad4-566afd725d1b/2d206a39-8ed7-437e-a3be-862e0f06eea3/fp?x-kpsdk-v=j-1.2.661:0
[    6871ms] [LOG] Error @ https://vercel.com/149e9513-01fa-4fb0-aad4-566afd725d1b/2d206a39-8ed7-437e-a3be-862e0f06eea3/a-4-a/c.js?i=0&v=3&h=vercel.com:0
[   12620ms] [WARNING] The resource https://vercel.com/_next/static/immutable/media/logo-vercel-dark.3bae9lxmoeqty.svg was preloaded using link preload but not used within a few seconds from the window's load event. Please make sure it has an appropriate `as` value and it is preloaded intentionally. @ https://vercel.com/domains/search?query=pasteleriafatima.com:0
[   12621ms] [WARNING] The resource https://vercel.com/_next/static/immutable/media/logo-vercel-light.1xgi91gcqswpt.svg was preloaded using link preload but not used within a few seconds from the window's load event. Please make sure it has an appropriate `as` value and it is preloaded intentionally. @ https://vercel.com/domains/search?query=pasteleriafatima.com:0
[   12621ms] [WARNING] The resource https://vercel.com/_next/static/immutable/chunks/1n2ul1ugm573d.css was preloaded using link preload but not used within a few seconds from the window's load event. Please make sure it has an appropriate `as` value and it is preloaded intentionally. @ https://vercel.com/domains/search?query=pasteleriafatima.com:0
[   12621ms] [WARNING] The resource https://vercel.com/_next/static/immutable/chunks/0fsfy6qg0ooq4.css was preloaded using link preload but not used within a few seconds from the window's load event. Please make sure it has an appropriate `as` value and it is preloaded intentionally. @ https://vercel.com/domains/search?query=pasteleriafatima.com:0
[   12621ms] [WARNING] The resource https://vercel.com/_next/static/immutable/chunks/3flhcz7cw314y.css was preloaded using link preload but not used within a few seconds from the window's load event. Please make sure it has an appropriate `as` value and it is preloaded intentionally. @ https://vercel.com/domains/search?query=pasteleriafatima.com:0
