[    3015ms] [LOG] Error @ :2
[    3058ms] [LOG] Error @ :2
[    3061ms] [LOG] Error @ :2
[    3465ms] [WARNING] Unable to create a text session because the service is not running. @ https://vercel.com/149e9513-01fa-4fb0-aad4-566afd725d1b/2d206a39-8ed7-437e-a3be-862e0f06eea3/fp?x-kpsdk-v=j-1.2.661:0
[    3842ms] [WARNING] Unable to create a text session because the service is not running. @ https://vercel.com/149e9513-01fa-4fb0-aad4-566afd725d1b/2d206a39-8ed7-437e-a3be-862e0f06eea3/fp?x-kpsdk-v=j-1.2.661:0
[    5413ms] [LOG] %c
▲

    ________   _ __ _          ____           __
   /  _/ __/  (_) /( )_____   / __/___ ______/ /_
   / // /_   / / __/// ___/  / /_/ __ `/ ___/ __/
 _/ // __/  / / /_  (__  )  / __/ /_/ (__  ) /_
/___/_/    /_/\__/ /____/  /_/  \__,_/____/\__/
    _ __ _                         _    __                    __
   (_) /( )_____   ____  ____     | |  / /__  _____________  / /
  / / __/// ___/  / __ \/ __ \    | | / / _ \/ ___/ ___/ _ \/ /
 / / /_  (__  )  / /_/ / / / /    | |/ /  __/ /  / /__/  __/ /
/_/\__/ /____/   \____/_/ /_/     |___/\___/_/   \___/\___/_/
  

Hello!

- Open Source https://vercel.com/oss
- Careers https://vercel.com/careers
- Status https://vercel-status.com

 font-family: "Geist Mono", monospace; white-space: pre; line-height: 1; @ https://vercel.com/_next/static/immutable/chunks/1kozh3sffh1_n.js:78
[    6466ms] Error: Minified React error #418; visit https://react.dev/errors/418?args[]=HTML&args[]= for the full message or use the non-minified dev environment for full errors and additional helpful warnings.
    at r4 (https://vercel.com/_next/static/immutable/chunks/1kozh3sffh1_n.js:109:47815)
    at iC (https://vercel.com/_next/static/immutable/chunks/1kozh3sffh1_n.js:109:102010)
    at sq (https://vercel.com/_next/static/immutable/chunks/1kozh3sffh1_n.js:109:144615)
    at https://vercel.com/_next/static/immutable/chunks/1kozh3sffh1_n.js:109:144460
    at sG (https://vercel.com/_next/static/immutable/chunks/1kozh3sffh1_n.js:109:144468)
    at sF (https://vercel.com/_next/static/immutable/chunks/1kozh3sffh1_n.js:109:139518)
    at cb (https://vercel.com/_next/static/immutable/chunks/1kozh3sffh1_n.js:109:174463)
    at cm (https://vercel.com/_next/static/immutable/chunks/1kozh3sffh1_n.js:109:172366)
    at cg (https://vercel.com/_next/static/immutable/chunks/1kozh3sffh1_n.js:109:172723)
    at https://vercel.com/_next/static/immutable/chunks/1kozh3sffh1_n.js:109:174522
[    6765ms] [ERROR] Failed to load resource: the server responded with a status of 403 () @ https://vercel.com/api/jwt:0
[    6842ms] [LOG] Error @ https://vercel.com/149e9513-01fa-4fb0-aad4-566afd725d1b/2d206a39-8ed7-437e-a3be-862e0f06eea3/a-4-a/c.js?i=0&v=3&h=vercel.com:0
[    6999ms] [LOG] Error @ https://vercel.com/149e9513-01fa-4fb0-aad4-566afd725d1b/2d206a39-8ed7-437e-a3be-862e0f06eea3/a-4-a/c.js?i=0&v=3&h=vercel.com:0
[    7112ms] [WARNING] Deprecated API for given entry type. @ https://vercel.com/_next/static/immutable/chunks/0tg7f80-pldfz.js:18
[    8667ms] [LOG] Error @ :2
[    8695ms] [LOG] Error @ :2
[    8696ms] [LOG] Error @ :2
[    8819ms] [WARNING] Unable to create a text session because the service is not running. @ https://vercel.com/149e9513-01fa-4fb0-aad4-566afd725d1b/2d206a39-8ed7-437e-a3be-862e0f06eea3/fp?x-kpsdk-v=j-1.2.661:0
[    9074ms] [WARNING] Unable to create a text session because the service is not running. @ https://vercel.com/149e9513-01fa-4fb0-aad4-566afd725d1b/2d206a39-8ed7-437e-a3be-862e0f06eea3/fp?x-kpsdk-v=j-1.2.661:0
[    9160ms] [WARNING] Unable to create a text session because the service is not running. @ https://vercel.com/149e9513-01fa-4fb0-aad4-566afd725d1b/2d206a39-8ed7-437e-a3be-862e0f06eea3/fp?x-kpsdk-v=j-1.2.661:0
[    9371ms] [WARNING] The resource https://vercel.com/_next/static/immutable/chunks/3flhcz7cw314y.css was preloaded using link preload but not used within a few seconds from the window's load event. Please make sure it has an appropriate `as` value and it is preloaded intentionally. @ https://vercel.com/domains/search?q=pasteleriafatimauy.com:0
[    9371ms] [WARNING] The resource https://vercel.com/_next/static/immutable/chunks/1n2ul1ugm573d.css was preloaded using link preload but not used within a few seconds from the window's load event. Please make sure it has an appropriate `as` value and it is preloaded intentionally. @ https://vercel.com/domains/search?q=pasteleriafatimauy.com:0
[    9371ms] [WARNING] Unable to create a text session because the service is not running. @ https://vercel.com/149e9513-01fa-4fb0-aad4-566afd725d1b/2d206a39-8ed7-437e-a3be-862e0f06eea3/fp?x-kpsdk-v=j-1.2.661:0
[    9437ms] [LOG] Error @ :2
[    9463ms] [WARNING] The requested language options are not supported. @ https://vercel.com/149e9513-01fa-4fb0-aad4-566afd725d1b/2d206a39-8ed7-437e-a3be-862e0f06eea3/fp?x-kpsdk-v=j-1.2.661:0
[    9464ms] [ERROR] Unsupported Summarizer API languages were specified, and the request was aborted. API calls must only specify supported languages to ensure successful processing and guarantee output characteristics. Please only specify supported language codes: [de, en, es, fr, ja] @ https://vercel.com/149e9513-01fa-4fb0-aad4-566afd725d1b/2d206a39-8ed7-437e-a3be-862e0f06eea3/fp?x-kpsdk-v=j-1.2.661:0
[    9464ms] [WARNING] The requested language options are not supported. @ https://vercel.com/149e9513-01fa-4fb0-aad4-566afd725d1b/2d206a39-8ed7-437e-a3be-862e0f06eea3/fp?x-kpsdk-v=j-1.2.661:0
[    9465ms] [WARNING] The requested language options are not supported. @ https://vercel.com/149e9513-01fa-4fb0-aad4-566afd725d1b/2d206a39-8ed7-437e-a3be-862e0f06eea3/fp?x-kpsdk-v=j-1.2.661:0
[    9470ms] [WARNING] The requested language options are not supported. @ https://vercel.com/149e9513-01fa-4fb0-aad4-566afd725d1b/2d206a39-8ed7-437e-a3be-862e0f06eea3/fp?x-kpsdk-v=j-1.2.661:0
[    9494ms] [WARNING] Unable to create a text session because the service is not running. @ https://vercel.com/149e9513-01fa-4fb0-aad4-566afd725d1b/2d206a39-8ed7-437e-a3be-862e0f06eea3/fp?x-kpsdk-v=j-1.2.661:0
[    9497ms] [WARNING] The requested language options are not supported. @ https://vercel.com/149e9513-01fa-4fb0-aad4-566afd725d1b/2d206a39-8ed7-437e-a3be-862e0f06eea3/fp?x-kpsdk-v=j-1.2.661:0
[    9498ms] [WARNING] The requested language options are not supported. @ https://vercel.com/149e9513-01fa-4fb0-aad4-566afd725d1b/2d206a39-8ed7-437e-a3be-862e0f06eea3/fp?x-kpsdk-v=j-1.2.661:0
[   10257ms] [LOG] Error @ https://vercel.com/149e9513-01fa-4fb0-aad4-566afd725d1b/2d206a39-8ed7-437e-a3be-862e0f06eea3/a-4-a/c.js?i=0&v=3&h=vercel.com:0
[   10274ms] [LOG] Error @ https://vercel.com/149e9513-01fa-4fb0-aad4-566afd725d1b/2d206a39-8ed7-437e-a3be-862e0f06eea3/a-4-a/c.js?i=0&v=3&h=vercel.com:0
[   11493ms] [ERROR] Unauthorized: You are not allowed to access this resource
    at Object.decode (https://vercel.com/_next/static/immutable/chunks/21gcx5taoyklt.js:8:91619)
    at decode (https://vercel.com/_next/static/immutable/chunks/21gcx5taoyklt.js:8:63988)
    at https://vercel.com/_next/static/immutable/chunks/21gcx5taoyklt.js:8:32637
    at https://vercel.com/_next/static/immutable/chunks/43wjusi2m5k98.js:3:23900
    at Module.match (https://vercel.com/_next/static/immutable/chunks/1_ri5gi1vgln0.js:6:1110)
    at https://vercel.com/_next/static/immutable/chunks/21gcx5taoyklt.js:8:30346
    at https://vercel.com/_next/static/immutable/chunks/1_ri5gi1vgln0.js:6:1110
    at https://vercel.com/_next/static/immutable/chunks/21gcx5taoyklt.js:8:32578
    at https://vercel.com/_next/static/immutable/chunks/21gcx5taoyklt.js:8:39427
    at https://vercel.com/_next/static/immutable/chunks/21gcx5taoyklt.js:8:39427
    at https://vercel.com/_next/static/immutable/chunks/21gcx5taoyklt.js:8:37016
    at https://vercel.com/_next/static/immutable/chunks/21gcx5taoyklt.js:8:39427
    at https://vercel.com/_next/static/immutable/chunks/21gcx5taoyklt.js:8:37016
    at https://vercel.com/_next/static/immutable/chunks/21gcx5taoyklt.js:8:39427
    at https://vercel.com/_next/static/immutable/chunks/21gcx5taoyklt.js:8:32584
    at https://vercel.com/_next/static/immutable/chunks/21gcx5taoyklt.js:8:30985
    at https://vercel.com/_next/static/immutable/chunks/21gcx5taoyklt.js:8:49137
    at https://vercel.com/_next/static/immutable/chunks/2vo5_7zdebicb.js:2:126788
    at https://vercel.com/_next/static/immutable/chunks/2vo5_7zdebicb.js:2:127872
    at body (https://vercel.com/_next/static/immutable/chunks/2vo5_7zdebicb.js:2:128837)
    at nO.While (https://vercel.com/_next/static/immutable/chunks/21gcx5taoyklt.js:9:44530)
    at https://vercel.com/_next/static/immutable/chunks/21gcx5taoyklt.js:9:45557
    at Object.context (https://vercel.com/_next/static/immutable/chunks/21gcx5taoyklt.js:8:141843)
    at nO.runLoop (https://vercel.com/_next/static/immutable/chunks/21gcx5taoyklt.js:9:45110)
    at nO.evaluateEffect (https://vercel.com/_next/static/immutable/chunks/21gcx5taoyklt.js:9:39069)
    at nO.evaluateMessageWhileSuspended (https://vercel.com/_next/static/immutable/chunks/21gcx5taoyklt.js:9:38688)
    at nO.drainQueueOnCurrentThread (https://vercel.com/_next/static/immutable/chunks/21gcx5taoyklt.js:9:35973)
    at Array.run (https://vercel.com/_next/static/immutable/chunks/21gcx5taoyklt.js:9:45979)
    at starveInternal (https://vercel.com/_next/static/immutable/chunks/21gcx5taoyklt.js:5:2488)
    at https://vercel.com/_next/static/immutable/chunks/21gcx5taoyklt.js:5:3280 {attributes: Object} @ https://vercel.com/_next/static/immutable/chunks/1_ykvngsw_fry.js:8
[   12032ms] [ERROR] Unauthorized: You are not allowed to access this resource
    at Object.decode (https://vercel.com/_next/static/immutable/chunks/21gcx5taoyklt.js:8:91619)
    at decode (https://vercel.com/_next/static/immutable/chunks/21gcx5taoyklt.js:8:63988)
    at https://vercel.com/_next/static/immutable/chunks/21gcx5taoyklt.js:8:32637
    at https://vercel.com/_next/static/immutable/chunks/43wjusi2m5k98.js:3:23900
    at Module.match (https://vercel.com/_next/static/immutable/chunks/1_ri5gi1vgln0.js:6:1110)
    at https://vercel.com/_next/static/immutable/chunks/21gcx5taoyklt.js:8:30346
    at https://vercel.com/_next/static/immutable/chunks/1_ri5gi1vgln0.js:6:1110
    at https://vercel.com/_next/static/immutable/chunks/21gcx5taoyklt.js:8:32578
    at https://vercel.com/_next/static/immutable/chunks/21gcx5taoyklt.js:8:39427
    at https://vercel.com/_next/static/immutable/chunks/21gcx5taoyklt.js:8:39427
    at https://vercel.com/_next/static/immutable/chunks/21gcx5taoyklt.js:8:37016
    at https://vercel.com/_next/static/immutable/chunks/21gcx5taoyklt.js:8:39427
    at https://vercel.com/_next/static/immutable/chunks/21gcx5taoyklt.js:8:37016
    at https://vercel.com/_next/static/immutable/chunks/21gcx5taoyklt.js:8:39427
    at https://vercel.com/_next/static/immutable/chunks/21gcx5taoyklt.js:8:32584
    at https://vercel.com/_next/static/immutable/chunks/21gcx5taoyklt.js:8:30985
    at https://vercel.com/_next/static/immutable/chunks/21gcx5taoyklt.js:8:49137
    at https://vercel.com/_next/static/immutable/chunks/2vo5_7zdebicb.js:2:126788
    at https://vercel.com/_next/static/immutable/chunks/2vo5_7zdebicb.js:2:127872
    at body (https://vercel.com/_next/static/immutable/chunks/2vo5_7zdebicb.js:2:128837)
    at nO.While (https://vercel.com/_next/static/immutable/chunks/21gcx5taoyklt.js:9:44530)
    at https://vercel.com/_next/static/immutable/chunks/21gcx5taoyklt.js:9:45557
    at Object.context (https://vercel.com/_next/static/immutable/chunks/21gcx5taoyklt.js:8:141843)
    at nO.runLoop (https://vercel.com/_next/static/immutable/chunks/21gcx5taoyklt.js:9:45110)
    at nO.evaluateEffect (https://vercel.com/_next/static/immutable/chunks/21gcx5taoyklt.js:9:39069)
    at nO.evaluateMessageWhileSuspended (https://vercel.com/_next/static/immutable/chunks/21gcx5taoyklt.js:9:38688)
    at nO.drainQueueOnCurrentThread (https://vercel.com/_next/static/immutable/chunks/21gcx5taoyklt.js:9:35973)
    at Array.run (https://vercel.com/_next/static/immutable/chunks/21gcx5taoyklt.js:9:45979)
    at starveInternal (https://vercel.com/_next/static/immutable/chunks/21gcx5taoyklt.js:5:2488)
    at https://vercel.com/_next/static/immutable/chunks/21gcx5taoyklt.js:5:3280 {attributes: Object} @ https://vercel.com/_next/static/immutable/chunks/1_ykvngsw_fry.js:8
[   13042ms] [ERROR] Unauthorized: You are not allowed to access this resource
    at Object.decode (https://vercel.com/_next/static/immutable/chunks/21gcx5taoyklt.js:8:91619)
    at decode (https://vercel.com/_next/static/immutable/chunks/21gcx5taoyklt.js:8:63988)
    at https://vercel.com/_next/static/immutable/chunks/21gcx5taoyklt.js:8:32637
    at https://vercel.com/_next/static/immutable/chunks/43wjusi2m5k98.js:3:23900
    at Module.match (https://vercel.com/_next/static/immutable/chunks/1_ri5gi1vgln0.js:6:1110)
    at https://vercel.com/_next/static/immutable/chunks/21gcx5taoyklt.js:8:30346
    at https://vercel.com/_next/static/immutable/chunks/1_ri5gi1vgln0.js:6:1110
    at https://vercel.com/_next/static/immutable/chunks/21gcx5taoyklt.js:8:32578
    at https://vercel.com/_next/static/immutable/chunks/21gcx5taoyklt.js:8:39427
    at https://vercel.com/_next/static/immutable/chunks/21gcx5taoyklt.js:8:39427
    at https://vercel.com/_next/static/immutable/chunks/21gcx5taoyklt.js:8:37016
    at https://vercel.com/_next/static/immutable/chunks/21gcx5taoyklt.js:8:39427
    at https://vercel.com/_next/static/immutable/chunks/21gcx5taoyklt.js:8:37016
    at https://vercel.com/_next/static/immutable/chunks/21gcx5taoyklt.js:8:39427
    at https://vercel.com/_next/static/immutable/chunks/21gcx5taoyklt.js:8:32584
    at https://vercel.com/_next/static/immutable/chunks/21gcx5taoyklt.js:8:30985
    at https://vercel.com/_next/static/immutable/chunks/21gcx5taoyklt.js:8:49137
    at https://vercel.com/_next/static/immutable/chunks/2vo5_7zdebicb.js:2:126788
    at https://vercel.com/_next/static/immutable/chunks/2vo5_7zdebicb.js:2:127872
    at body (https://vercel.com/_next/static/immutable/chunks/2vo5_7zdebicb.js:2:128837)
    at nO.While (https://vercel.com/_next/static/immutable/chunks/21gcx5taoyklt.js:9:44530)
    at https://vercel.com/_next/static/immutable/chunks/21gcx5taoyklt.js:9:45557
    at Object.context (https://vercel.com/_next/static/immutable/chunks/21gcx5taoyklt.js:8:141843)
    at nO.runLoop (https://vercel.com/_next/static/immutable/chunks/21gcx5taoyklt.js:9:45110)
    at nO.evaluateEffect (https://vercel.com/_next/static/immutable/chunks/21gcx5taoyklt.js:9:39069)
    at nO.evaluateMessageWhileSuspended (https://vercel.com/_next/static/immutable/chunks/21gcx5taoyklt.js:9:38688)
    at nO.drainQueueOnCurrentThread (https://vercel.com/_next/static/immutable/chunks/21gcx5taoyklt.js:9:35973)
    at Array.run (https://vercel.com/_next/static/immutable/chunks/21gcx5taoyklt.js:9:45979)
    at starveInternal (https://vercel.com/_next/static/immutable/chunks/21gcx5taoyklt.js:5:2488)
    at https://vercel.com/_next/static/immutable/chunks/21gcx5taoyklt.js:5:3280 {attributes: Object} @ https://vercel.com/_next/static/immutable/chunks/1_ykvngsw_fry.js:8
[   16238ms] [ERROR] Transient network error SearchStreamStuckError
    at F.effect_instruction_i1 (https://vercel.com/_next/static/immutable/chunks/2wr9n_1fb4s_q.js:2:14807)
    at https://vercel.com/_next/static/immutable/chunks/21gcx5taoyklt.js:9:31372
    at https://vercel.com/_next/static/immutable/chunks/43wjusi2m5k98.js:3:30949
    at Object.OnSuccess (https://vercel.com/_next/static/immutable/chunks/21gcx5taoyklt.js:9:31365)
    at nO.Sync (https://vercel.com/_next/static/immutable/chunks/21gcx5taoyklt.js:9:41324)
    at https://vercel.com/_next/static/immutable/chunks/21gcx5taoyklt.js:9:45557
    at Object.context (https://vercel.com/_next/static/immutable/chunks/21gcx5taoyklt.js:8:141843)
    at nO.runLoop (https://vercel.com/_next/static/immutable/chunks/21gcx5taoyklt.js:9:45110)
    at nO.evaluateEffect (https://vercel.com/_next/static/immutable/chunks/21gcx5taoyklt.js:9:39069)
    at nO.evaluateMessageWhileSuspended (https://vercel.com/_next/static/immutable/chunks/21gcx5taoyklt.js:9:38688)
    at nO.drainQueueOnCurrentThread (https://vercel.com/_next/static/immutable/chunks/21gcx5taoyklt.js:9:35973)
    at Array.run (https://vercel.com/_next/static/immutable/chunks/21gcx5taoyklt.js:9:45979)
    at starveInternal (https://vercel.com/_next/static/immutable/chunks/21gcx5taoyklt.js:5:2488)
    at https://vercel.com/_next/static/immutable/chunks/21gcx5taoyklt.js:5:3280 @ https://vercel.com/_next/static/immutable/chunks/1_ykvngsw_fry.js:8
[   16239ms] [ERROR] SearchStreamStuckError
    at F.effect_instruction_i1 (https://vercel.com/_next/static/immutable/chunks/2wr9n_1fb4s_q.js:2:14807)
    at https://vercel.com/_next/static/immutable/chunks/21gcx5taoyklt.js:9:31372
    at https://vercel.com/_next/static/immutable/chunks/43wjusi2m5k98.js:3:30949
    at Object.OnSuccess (https://vercel.com/_next/static/immutable/chunks/21gcx5taoyklt.js:9:31365)
    at nO.Sync (https://vercel.com/_next/static/immutable/chunks/21gcx5taoyklt.js:9:41324)
    at https://vercel.com/_next/static/immutable/chunks/21gcx5taoyklt.js:9:45557
    at Object.context (https://vercel.com/_next/static/immutable/chunks/21gcx5taoyklt.js:8:141843)
    at nO.runLoop (https://vercel.com/_next/static/immutable/chunks/21gcx5taoyklt.js:9:45110)
    at nO.evaluateEffect (https://vercel.com/_next/static/immutable/chunks/21gcx5taoyklt.js:9:39069)
    at nO.evaluateMessageWhileSuspended (https://vercel.com/_next/static/immutable/chunks/21gcx5taoyklt.js:9:38688)
    at nO.drainQueueOnCurrentThread (https://vercel.com/_next/static/immutable/chunks/21gcx5taoyklt.js:9:35973)
    at Array.run (https://vercel.com/_next/static/immutable/chunks/21gcx5taoyklt.js:9:45979)
    at starveInternal (https://vercel.com/_next/static/immutable/chunks/21gcx5taoyklt.js:5:2488)
    at https://vercel.com/_next/static/immutable/chunks/21gcx5taoyklt.js:5:3280 {attributes: Object} @ https://vercel.com/_next/static/immutable/chunks/1_ykvngsw_fry.js:8
[   16241ms] [ERROR] Transient network error SearchStreamStuckError
    at F.effect_instruction_i1 (https://vercel.com/_next/static/immutable/chunks/2wr9n_1fb4s_q.js:2:14807)
    at https://vercel.com/_next/static/immutable/chunks/21gcx5taoyklt.js:9:31372
    at https://vercel.com/_next/static/immutable/chunks/43wjusi2m5k98.js:3:30949
    at Object.OnSuccess (https://vercel.com/_next/static/immutable/chunks/21gcx5taoyklt.js:9:31365)
    at nO.Sync (https://vercel.com/_next/static/immutable/chunks/21gcx5taoyklt.js:9:41324)
    at https://vercel.com/_next/static/immutable/chunks/21gcx5taoyklt.js:9:45557
    at Object.context (https://vercel.com/_next/static/immutable/chunks/21gcx5taoyklt.js:8:141843)
    at nO.runLoop (https://vercel.com/_next/static/immutable/chunks/21gcx5taoyklt.js:9:45110)
    at nO.evaluateEffect (https://vercel.com/_next/static/immutable/chunks/21gcx5taoyklt.js:9:39069)
    at nO.evaluateMessageWhileSuspended (https://vercel.com/_next/static/immutable/chunks/21gcx5taoyklt.js:9:38688)
    at nO.drainQueueOnCurrentThread (https://vercel.com/_next/static/immutable/chunks/21gcx5taoyklt.js:9:35973)
    at Array.run (https://vercel.com/_next/static/immutable/chunks/21gcx5taoyklt.js:9:45979)
    at starveInternal (https://vercel.com/_next/static/immutable/chunks/21gcx5taoyklt.js:5:2488)
    at https://vercel.com/_next/static/immutable/chunks/21gcx5taoyklt.js:5:3280 @ https://vercel.com/_next/static/immutable/chunks/1_ykvngsw_fry.js:8
[   16243ms] [ERROR] Transient network error SearchStreamStuckError
    at F.effect_instruction_i1 (https://vercel.com/_next/static/immutable/chunks/2wr9n_1fb4s_q.js:2:14807)
    at https://vercel.com/_next/static/immutable/chunks/21gcx5taoyklt.js:9:31372
    at https://vercel.com/_next/static/immutable/chunks/43wjusi2m5k98.js:3:30949
    at Object.OnSuccess (https://vercel.com/_next/static/immutable/chunks/21gcx5taoyklt.js:9:31365)
    at nO.Sync (https://vercel.com/_next/static/immutable/chunks/21gcx5taoyklt.js:9:41324)
    at https://vercel.com/_next/static/immutable/chunks/21gcx5taoyklt.js:9:45557
    at Object.context (https://vercel.com/_next/static/immutable/chunks/21gcx5taoyklt.js:8:141843)
    at nO.runLoop (https://vercel.com/_next/static/immutable/chunks/21gcx5taoyklt.js:9:45110)
    at nO.evaluateEffect (https://vercel.com/_next/static/immutable/chunks/21gcx5taoyklt.js:9:39069)
    at nO.evaluateMessageWhileSuspended (https://vercel.com/_next/static/immutable/chunks/21gcx5taoyklt.js:9:38688)
    at nO.drainQueueOnCurrentThread (https://vercel.com/_next/static/immutable/chunks/21gcx5taoyklt.js:9:35973)
    at Array.run (https://vercel.com/_next/static/immutable/chunks/21gcx5taoyklt.js:9:45979)
    at starveInternal (https://vercel.com/_next/static/immutable/chunks/21gcx5taoyklt.js:5:2488)
    at https://vercel.com/_next/static/immutable/chunks/21gcx5taoyklt.js:5:3280 @ https://vercel.com/_next/static/immutable/chunks/1_ykvngsw_fry.js:8
[   16245ms] [ERROR] Transient network error SearchStreamStuckError
    at F.effect_instruction_i1 (https://vercel.com/_next/static/immutable/chunks/2wr9n_1fb4s_q.js:2:14807)
    at https://vercel.com/_next/static/immutable/chunks/21gcx5taoyklt.js:9:31372
    at https://vercel.com/_next/static/immutable/chunks/43wjusi2m5k98.js:3:30949
    at Object.OnSuccess (https://vercel.com/_next/static/immutable/chunks/21gcx5taoyklt.js:9:31365)
    at nO.Sync (https://vercel.com/_next/static/immutable/chunks/21gcx5taoyklt.js:9:41324)
    at https://vercel.com/_next/static/immutable/chunks/21gcx5taoyklt.js:9:45557
    at Object.context (https://vercel.com/_next/static/immutable/chunks/21gcx5taoyklt.js:8:141843)
    at nO.runLoop (https://vercel.com/_next/static/immutable/chunks/21gcx5taoyklt.js:9:45110)
    at nO.evaluateEffect (https://vercel.com/_next/static/immutable/chunks/21gcx5taoyklt.js:9:39069)
    at nO.evaluateMessageWhileSuspended (https://vercel.com/_next/static/immutable/chunks/21gcx5taoyklt.js:9:38688)
    at nO.drainQueueOnCurrentThread (https://vercel.com/_next/static/immutable/chunks/21gcx5taoyklt.js:9:35973)
    at Array.run (https://vercel.com/_next/static/immutable/chunks/21gcx5taoyklt.js:9:45979)
    at starveInternal (https://vercel.com/_next/static/immutable/chunks/21gcx5taoyklt.js:5:2488)
    at https://vercel.com/_next/static/immutable/chunks/21gcx5taoyklt.js:5:3280 @ https://vercel.com/_next/static/immutable/chunks/1_ykvngsw_fry.js:8
[   16246ms] [ERROR] Transient network error SearchStreamStuckError
    at F.effect_instruction_i1 (https://vercel.com/_next/static/immutable/chunks/2wr9n_1fb4s_q.js:2:14807)
    at https://vercel.com/_next/static/immutable/chunks/21gcx5taoyklt.js:9:31372
    at https://vercel.com/_next/static/immutable/chunks/43wjusi2m5k98.js:3:30949
    at Object.OnSuccess (https://vercel.com/_next/static/immutable/chunks/21gcx5taoyklt.js:9:31365)
    at nO.Sync (https://vercel.com/_next/static/immutable/chunks/21gcx5taoyklt.js:9:41324)
    at https://vercel.com/_next/static/immutable/chunks/21gcx5taoyklt.js:9:45557
    at Object.context (https://vercel.com/_next/static/immutable/chunks/21gcx5taoyklt.js:8:141843)
    at nO.runLoop (https://vercel.com/_next/static/immutable/chunks/21gcx5taoyklt.js:9:45110)
    at nO.evaluateEffect (https://vercel.com/_next/static/immutable/chunks/21gcx5taoyklt.js:9:39069)
    at nO.evaluateMessageWhileSuspended (https://vercel.com/_next/static/immutable/chunks/21gcx5taoyklt.js:9:38688)
    at nO.drainQueueOnCurrentThread (https://vercel.com/_next/static/immutable/chunks/21gcx5taoyklt.js:9:35973)
    at Array.run (https://vercel.com/_next/static/immutable/chunks/21gcx5taoyklt.js:9:45979)
    at starveInternal (https://vercel.com/_next/static/immutable/chunks/21gcx5taoyklt.js:5:2488)
    at https://vercel.com/_next/static/immutable/chunks/21gcx5taoyklt.js:5:3280 @ https://vercel.com/_next/static/immutable/chunks/1_ykvngsw_fry.js:8
[   16248ms] [ERROR] Transient network error SearchStreamStuckError
    at F.effect_instruction_i1 (https://vercel.com/_next/static/immutable/chunks/2wr9n_1fb4s_q.js:2:14807)
    at https://vercel.com/_next/static/immutable/chunks/21gcx5taoyklt.js:9:31372
    at https://vercel.com/_next/static/immutable/chunks/43wjusi2m5k98.js:3:30949
    at Object.OnSuccess (https://vercel.com/_next/static/immutable/chunks/21gcx5taoyklt.js:9:31365)
    at nO.Sync (https://vercel.com/_next/static/immutable/chunks/21gcx5taoyklt.js:9:41324)
    at https://vercel.com/_next/static/immutable/chunks/21gcx5taoyklt.js:9:45557
    at Object.context (https://vercel.com/_next/static/immutable/chunks/21gcx5taoyklt.js:8:141843)
    at nO.runLoop (https://vercel.com/_next/static/immutable/chunks/21gcx5taoyklt.js:9:45110)
    at nO.evaluateEffect (https://vercel.com/_next/static/immutable/chunks/21gcx5taoyklt.js:9:39069)
    at nO.evaluateMessageWhileSuspended (https://vercel.com/_next/static/immutable/chunks/21gcx5taoyklt.js:9:38688)
    at nO.drainQueueOnCurrentThread (https://vercel.com/_next/static/immutable/chunks/21gcx5taoyklt.js:9:35973)
    at Array.run (https://vercel.com/_next/static/immutable/chunks/21gcx5taoyklt.js:9:45979)
    at starveInternal (https://vercel.com/_next/static/immutable/chunks/21gcx5taoyklt.js:5:2488)
    at https://vercel.com/_next/static/immutable/chunks/21gcx5taoyklt.js:5:3280 @ https://vercel.com/_next/static/immutable/chunks/1_ykvngsw_fry.js:8
[   16250ms] [ERROR] Transient network error SearchStreamStuckError
    at F.effect_instruction_i1 (https://vercel.com/_next/static/immutable/chunks/2wr9n_1fb4s_q.js:2:14807)
    at https://vercel.com/_next/static/immutable/chunks/21gcx5taoyklt.js:9:31372
    at https://vercel.com/_next/static/immutable/chunks/43wjusi2m5k98.js:3:30949
    at Object.OnSuccess (https://vercel.com/_next/static/immutable/chunks/21gcx5taoyklt.js:9:31365)
    at nO.Sync (https://vercel.com/_next/static/immutable/chunks/21gcx5taoyklt.js:9:41324)
    at https://vercel.com/_next/static/immutable/chunks/21gcx5taoyklt.js:9:45557
    at Object.context (https://vercel.com/_next/static/immutable/chunks/21gcx5taoyklt.js:8:141843)
    at nO.runLoop (https://vercel.com/_next/static/immutable/chunks/21gcx5taoyklt.js:9:45110)
    at nO.evaluateEffect (https://vercel.com/_next/static/immutable/chunks/21gcx5taoyklt.js:9:39069)
    at nO.evaluateMessageWhileSuspended (https://vercel.com/_next/static/immutable/chunks/21gcx5taoyklt.js:9:38688)
    at nO.drainQueueOnCurrentThread (https://vercel.com/_next/static/immutable/chunks/21gcx5taoyklt.js:9:35973)
    at Array.run (https://vercel.com/_next/static/immutable/chunks/21gcx5taoyklt.js:9:45979)
    at starveInternal (https://vercel.com/_next/static/immutable/chunks/21gcx5taoyklt.js:5:2488)
    at https://vercel.com/_next/static/immutable/chunks/21gcx5taoyklt.js:5:3280 @ https://vercel.com/_next/static/immutable/chunks/1_ykvngsw_fry.js:8
[   16721ms] [ERROR] Unauthorized: You are not allowed to access this resource
    at Object.decode (https://vercel.com/_next/static/immutable/chunks/21gcx5taoyklt.js:8:91619)
    at decode (https://vercel.com/_next/static/immutable/chunks/21gcx5taoyklt.js:8:63988)
    at https://vercel.com/_next/static/immutable/chunks/21gcx5taoyklt.js:8:32637
    at https://vercel.com/_next/static/immutable/chunks/43wjusi2m5k98.js:3:23900
    at Module.match (https://vercel.com/_next/static/immutable/chunks/1_ri5gi1vgln0.js:6:1110)
    at https://vercel.com/_next/static/immutable/chunks/21gcx5taoyklt.js:8:30346
    at https://vercel.com/_next/static/immutable/chunks/1_ri5gi1vgln0.js:6:1110
    at https://vercel.com/_next/static/immutable/chunks/21gcx5taoyklt.js:8:32578
    at https://vercel.com/_next/static/immutable/chunks/21gcx5taoyklt.js:8:39427
    at https://vercel.com/_next/static/immutable/chunks/21gcx5taoyklt.js:8:39427
    at https://vercel.com/_next/static/immutable/chunks/21gcx5taoyklt.js:8:37016
    at https://vercel.com/_next/static/immutable/chunks/21gcx5taoyklt.js:8:39427
    at https://vercel.com/_next/static/immutable/chunks/21gcx5taoyklt.js:8:37016
    at https://vercel.com/_next/static/immutable/chunks/21gcx5taoyklt.js:8:39427
    at https://vercel.com/_next/static/immutable/chunks/21gcx5taoyklt.js:8:32584
    at https://vercel.com/_next/static/immutable/chunks/21gcx5taoyklt.js:8:30985
    at https://vercel.com/_next/static/immutable/chunks/21gcx5taoyklt.js:8:49137
    at https://vercel.com/_next/static/immutable/chunks/2vo5_7zdebicb.js:2:126788
    at https://vercel.com/_next/static/immutable/chunks/2vo5_7zdebicb.js:2:127872
    at body (https://vercel.com/_next/static/immutable/chunks/2vo5_7zdebicb.js:2:128837)
    at nO.While (https://vercel.com/_next/static/immutable/chunks/21gcx5taoyklt.js:9:44530)
    at https://vercel.com/_next/static/immutable/chunks/21gcx5taoyklt.js:9:45557
    at Object.context (https://vercel.com/_next/static/immutable/chunks/21gcx5taoyklt.js:8:141843)
    at nO.runLoop (https://vercel.com/_next/static/immutable/chunks/21gcx5taoyklt.js:9:45110)
    at nO.evaluateEffect (https://vercel.com/_next/static/immutable/chunks/21gcx5taoyklt.js:9:39069)
    at nO.evaluateMessageWhileSuspended (https://vercel.com/_next/static/immutable/chunks/21gcx5taoyklt.js:9:38688)
    at nO.drainQueueOnCurrentThread (https://vercel.com/_next/static/immutable/chunks/21gcx5taoyklt.js:9:35973)
    at Array.run (https://vercel.com/_next/static/immutable/chunks/21gcx5taoyklt.js:9:45979)
    at starveInternal (https://vercel.com/_next/static/immutable/chunks/21gcx5taoyklt.js:5:2488)
    at https://vercel.com/_next/static/immutable/chunks/21gcx5taoyklt.js:5:3280 {attributes: Object} @ https://vercel.com/_next/static/immutable/chunks/1_ykvngsw_fry.js:8
[   17274ms] [ERROR] Unauthorized: You are not allowed to access this resource
    at Object.decode (https://vercel.com/_next/static/immutable/chunks/21gcx5taoyklt.js:8:91619)
    at decode (https://vercel.com/_next/static/immutable/chunks/21gcx5taoyklt.js:8:63988)
    at https://vercel.com/_next/static/immutable/chunks/21gcx5taoyklt.js:8:32637
    at https://vercel.com/_next/static/immutable/chunks/43wjusi2m5k98.js:3:23900
    at Module.match (https://vercel.com/_next/static/immutable/chunks/1_ri5gi1vgln0.js:6:1110)
    at https://vercel.com/_next/static/immutable/chunks/21gcx5taoyklt.js:8:30346
    at https://vercel.com/_next/static/immutable/chunks/1_ri5gi1vgln0.js:6:1110
    at https://vercel.com/_next/static/immutable/chunks/21gcx5taoyklt.js:8:32578
    at https://vercel.com/_next/static/immutable/chunks/21gcx5taoyklt.js:8:39427
    at https://vercel.com/_next/static/immutable/chunks/21gcx5taoyklt.js:8:39427
    at https://vercel.com/_next/static/immutable/chunks/21gcx5taoyklt.js:8:37016
    at https://vercel.com/_next/static/immutable/chunks/21gcx5taoyklt.js:8:39427
    at https://vercel.com/_next/static/immutable/chunks/21gcx5taoyklt.js:8:37016
    at https://vercel.com/_next/static/immutable/chunks/21gcx5taoyklt.js:8:39427
    at https://vercel.com/_next/static/immutable/chunks/21gcx5taoyklt.js:8:32584
    at https://vercel.com/_next/static/immutable/chunks/21gcx5taoyklt.js:8:30985
    at https://vercel.com/_next/static/immutable/chunks/21gcx5taoyklt.js:8:49137
    at https://vercel.com/_next/static/immutable/chunks/2vo5_7zdebicb.js:2:126788
    at https://vercel.com/_next/static/immutable/chunks/2vo5_7zdebicb.js:2:127872
    at body (https://vercel.com/_next/static/immutable/chunks/2vo5_7zdebicb.js:2:128837)
    at nO.While (https://vercel.com/_next/static/immutable/chunks/21gcx5taoyklt.js:9:44530)
    at https://vercel.com/_next/static/immutable/chunks/21gcx5taoyklt.js:9:45557
    at Object.context (https://vercel.com/_next/static/immutable/chunks/21gcx5taoyklt.js:8:141843)
    at nO.runLoop (https://vercel.com/_next/static/immutable/chunks/21gcx5taoyklt.js:9:45110)
    at nO.evaluateEffect (https://vercel.com/_next/static/immutable/chunks/21gcx5taoyklt.js:9:39069)
    at nO.evaluateMessageWhileSuspended (https://vercel.com/_next/static/immutable/chunks/21gcx5taoyklt.js:9:38688)
    at nO.drainQueueOnCurrentThread (https://vercel.com/_next/static/immutable/chunks/21gcx5taoyklt.js:9:35973)
    at Array.run (https://vercel.com/_next/static/immutable/chunks/21gcx5taoyklt.js:9:45979)
    at starveInternal (https://vercel.com/_next/static/immutable/chunks/21gcx5taoyklt.js:5:2488)
    at https://vercel.com/_next/static/immutable/chunks/21gcx5taoyklt.js:5:3280 {attributes: Object} @ https://vercel.com/_next/static/immutable/chunks/1_ykvngsw_fry.js:8
[   18392ms] [ERROR] Unauthorized: You are not allowed to access this resource
    at Object.decode (https://vercel.com/_next/static/immutable/chunks/21gcx5taoyklt.js:8:91619)
    at decode (https://vercel.com/_next/static/immutable/chunks/21gcx5taoyklt.js:8:63988)
    at https://vercel.com/_next/static/immutable/chunks/21gcx5taoyklt.js:8:32637
    at https://vercel.com/_next/static/immutable/chunks/43wjusi2m5k98.js:3:23900
    at Module.match (https://vercel.com/_next/static/immutable/chunks/1_ri5gi1vgln0.js:6:1110)
    at https://vercel.com/_next/static/immutable/chunks/21gcx5taoyklt.js:8:30346
    at https://vercel.com/_next/static/immutable/chunks/1_ri5gi1vgln0.js:6:1110
    at https://vercel.com/_next/static/immutable/chunks/21gcx5taoyklt.js:8:32578
    at https://vercel.com/_next/static/immutable/chunks/21gcx5taoyklt.js:8:39427
    at https://vercel.com/_next/static/immutable/chunks/21gcx5taoyklt.js:8:39427
    at https://vercel.com/_next/static/immutable/chunks/21gcx5taoyklt.js:8:37016
    at https://vercel.com/_next/static/immutable/chunks/21gcx5taoyklt.js:8:39427
    at https://vercel.com/_next/static/immutable/chunks/21gcx5taoyklt.js:8:37016
    at https://vercel.com/_next/static/immutable/chunks/21gcx5taoyklt.js:8:39427
    at https://vercel.com/_next/static/immutable/chunks/21gcx5taoyklt.js:8:32584
    at https://vercel.com/_next/static/immutable/chunks/21gcx5taoyklt.js:8:30985
    at https://vercel.com/_next/static/immutable/chunks/21gcx5taoyklt.js:8:49137
    at https://vercel.com/_next/static/immutable/chunks/2vo5_7zdebicb.js:2:126788
    at https://vercel.com/_next/static/immutable/chunks/2vo5_7zdebicb.js:2:127872
    at body (https://vercel.com/_next/static/immutable/chunks/2vo5_7zdebicb.js:2:128837)
    at nO.While (https://vercel.com/_next/static/immutable/chunks/21gcx5taoyklt.js:9:44530)
    at https://vercel.com/_next/static/immutable/chunks/21gcx5taoyklt.js:9:45557
    at Object.context (https://vercel.com/_next/static/immutable/chunks/21gcx5taoyklt.js:8:141843)
    at nO.runLoop (https://vercel.com/_next/static/immutable/chunks/21gcx5taoyklt.js:9:45110)
    at nO.evaluateEffect (https://vercel.com/_next/static/immutable/chunks/21gcx5taoyklt.js:9:39069)
    at nO.evaluateMessageWhileSuspended (https://vercel.com/_next/static/immutable/chunks/21gcx5taoyklt.js:9:38688)
    at nO.drainQueueOnCurrentThread (https://vercel.com/_next/static/immutable/chunks/21gcx5taoyklt.js:9:35973)
    at Array.run (https://vercel.com/_next/static/immutable/chunks/21gcx5taoyklt.js:9:45979)
    at starveInternal (https://vercel.com/_next/static/immutable/chunks/21gcx5taoyklt.js:5:2488)
    at https://vercel.com/_next/static/immutable/chunks/21gcx5taoyklt.js:5:3280 {attributes: Object} @ https://vercel.com/_next/static/immutable/chunks/1_ykvngsw_fry.js:8
[   21341ms] [ERROR] Unauthorized: You are not allowed to access this resource
    at Object.decode (https://vercel.com/_next/static/immutable/chunks/21gcx5taoyklt.js:8:91619)
    at decode (https://vercel.com/_next/static/immutable/chunks/21gcx5taoyklt.js:8:63988)
    at https://vercel.com/_next/static/immutable/chunks/21gcx5taoyklt.js:8:32637
    at https://vercel.com/_next/static/immutable/chunks/43wjusi2m5k98.js:3:23900
    at Module.match (https://vercel.com/_next/static/immutable/chunks/1_ri5gi1vgln0.js:6:1110)
    at https://vercel.com/_next/static/immutable/chunks/21gcx5taoyklt.js:8:30346
    at https://vercel.com/_next/static/immutable/chunks/1_ri5gi1vgln0.js:6:1110
    at https://vercel.com/_next/static/immutable/chunks/21gcx5taoyklt.js:8:32578
    at https://vercel.com/_next/static/immutable/chunks/21gcx5taoyklt.js:8:39427
    at https://vercel.com/_next/static/immutable/chunks/21gcx5taoyklt.js:8:39427
    at https://vercel.com/_next/static/immutable/chunks/21gcx5taoyklt.js:8:37016
    at https://vercel.com/_next/static/immutable/chunks/21gcx5taoyklt.js:8:39427
    at https://vercel.com/_next/static/immutable/chunks/21gcx5taoyklt.js:8:37016
    at https://vercel.com/_next/static/immutable/chunks/21gcx5taoyklt.js:8:39427
    at https://vercel.com/_next/static/immutable/chunks/21gcx5taoyklt.js:8:32584
    at https://vercel.com/_next/static/immutable/chunks/21gcx5taoyklt.js:8:30985
    at https://vercel.com/_next/static/immutable/chunks/21gcx5taoyklt.js:8:49137
    at https://vercel.com/_next/static/immutable/chunks/2vo5_7zdebicb.js:2:126788
    at https://vercel.com/_next/static/immutable/chunks/2vo5_7zdebicb.js:2:127872
    at body (https://vercel.com/_next/static/immutable/chunks/2vo5_7zdebicb.js:2:128837)
    at nO.While (https://vercel.com/_next/static/immutable/chunks/21gcx5taoyklt.js:9:44530)
    at https://vercel.com/_next/static/immutable/chunks/21gcx5taoyklt.js:9:45557
    at Object.context (https://vercel.com/_next/static/immutable/chunks/21gcx5taoyklt.js:8:141843)
    at nO.runLoop (https://vercel.com/_next/static/immutable/chunks/21gcx5taoyklt.js:9:45110)
    at nO.evaluateEffect (https://vercel.com/_next/static/immutable/chunks/21gcx5taoyklt.js:9:39069)
    at nO.evaluateMessageWhileSuspended (https://vercel.com/_next/static/immutable/chunks/21gcx5taoyklt.js:9:38688)
    at nO.drainQueueOnCurrentThread (https://vercel.com/_next/static/immutable/chunks/21gcx5taoyklt.js:9:35973)
    at Array.run (https://vercel.com/_next/static/immutable/chunks/21gcx5taoyklt.js:9:45979)
    at starveInternal (https://vercel.com/_next/static/immutable/chunks/21gcx5taoyklt.js:5:2488)
    at https://vercel.com/_next/static/immutable/chunks/21gcx5taoyklt.js:5:3280 {attributes: Object} @ https://vercel.com/_next/static/immutable/chunks/1_ykvngsw_fry.js:8
[   21476ms] [ERROR] Transient network error SearchStreamStuckError
    at F.effect_instruction_i1 (https://vercel.com/_next/static/immutable/chunks/2wr9n_1fb4s_q.js:2:14807)
    at https://vercel.com/_next/static/immutable/chunks/21gcx5taoyklt.js:9:31372
    at https://vercel.com/_next/static/immutable/chunks/43wjusi2m5k98.js:3:30949
    at Object.OnSuccess (https://vercel.com/_next/static/immutable/chunks/21gcx5taoyklt.js:9:31365)
    at nO.Sync (https://vercel.com/_next/static/immutable/chunks/21gcx5taoyklt.js:9:41324)
    at https://vercel.com/_next/static/immutable/chunks/21gcx5taoyklt.js:9:45557
    at Object.context (https://vercel.com/_next/static/immutable/chunks/21gcx5taoyklt.js:8:141843)
    at nO.runLoop (https://vercel.com/_next/static/immutable/chunks/21gcx5taoyklt.js:9:45110)
    at nO.evaluateEffect (https://vercel.com/_next/static/immutable/chunks/21gcx5taoyklt.js:9:39069)
    at nO.evaluateMessageWhileSuspended (https://vercel.com/_next/static/immutable/chunks/21gcx5taoyklt.js:9:38688)
    at nO.drainQueueOnCurrentThread (https://vercel.com/_next/static/immutable/chunks/21gcx5taoyklt.js:9:35973)
    at Array.run (https://vercel.com/_next/static/immutable/chunks/21gcx5taoyklt.js:9:45979)
    at starveInternal (https://vercel.com/_next/static/immutable/chunks/21gcx5taoyklt.js:5:2488)
    at https://vercel.com/_next/static/immutable/chunks/21gcx5taoyklt.js:5:3280 @ https://vercel.com/_next/static/immutable/chunks/1_ykvngsw_fry.js:8
[   21477ms] [ERROR] SearchStreamStuckError
    at F.effect_instruction_i1 (https://vercel.com/_next/static/immutable/chunks/2wr9n_1fb4s_q.js:2:14807)
    at https://vercel.com/_next/static/immutable/chunks/21gcx5taoyklt.js:9:31372
    at https://vercel.com/_next/static/immutable/chunks/43wjusi2m5k98.js:3:30949
    at Object.OnSuccess (https://vercel.com/_next/static/immutable/chunks/21gcx5taoyklt.js:9:31365)
    at nO.Sync (https://vercel.com/_next/static/immutable/chunks/21gcx5taoyklt.js:9:41324)
    at https://vercel.com/_next/static/immutable/chunks/21gcx5taoyklt.js:9:45557
    at Object.context (https://vercel.com/_next/static/immutable/chunks/21gcx5taoyklt.js:8:141843)
    at nO.runLoop (https://vercel.com/_next/static/immutable/chunks/21gcx5taoyklt.js:9:45110)
    at nO.evaluateEffect (https://vercel.com/_next/static/immutable/chunks/21gcx5taoyklt.js:9:39069)
    at nO.evaluateMessageWhileSuspended (https://vercel.com/_next/static/immutable/chunks/21gcx5taoyklt.js:9:38688)
    at nO.drainQueueOnCurrentThread (https://vercel.com/_next/static/immutable/chunks/21gcx5taoyklt.js:9:35973)
    at Array.run (https://vercel.com/_next/static/immutable/chunks/21gcx5taoyklt.js:9:45979)
    at starveInternal (https://vercel.com/_next/static/immutable/chunks/21gcx5taoyklt.js:5:2488)
    at https://vercel.com/_next/static/immutable/chunks/21gcx5taoyklt.js:5:3280 {attributes: Object} @ https://vercel.com/_next/static/immutable/chunks/1_ykvngsw_fry.js:8
[   21478ms] [ERROR] Transient network error SearchStreamStuckError
    at F.effect_instruction_i1 (https://vercel.com/_next/static/immutable/chunks/2wr9n_1fb4s_q.js:2:14807)
    at https://vercel.com/_next/static/immutable/chunks/21gcx5taoyklt.js:9:31372
    at https://vercel.com/_next/static/immutable/chunks/43wjusi2m5k98.js:3:30949
    at Object.OnSuccess (https://vercel.com/_next/static/immutable/chunks/21gcx5taoyklt.js:9:31365)
    at nO.Sync (https://vercel.com/_next/static/immutable/chunks/21gcx5taoyklt.js:9:41324)
    at https://vercel.com/_next/static/immutable/chunks/21gcx5taoyklt.js:9:45557
    at Object.context (https://vercel.com/_next/static/immutable/chunks/21gcx5taoyklt.js:8:141843)
    at nO.runLoop (https://vercel.com/_next/static/immutable/chunks/21gcx5taoyklt.js:9:45110)
    at nO.evaluateEffect (https://vercel.com/_next/static/immutable/chunks/21gcx5taoyklt.js:9:39069)
    at nO.evaluateMessageWhileSuspended (https://vercel.com/_next/static/immutable/chunks/21gcx5taoyklt.js:9:38688)
    at nO.drainQueueOnCurrentThread (https://vercel.com/_next/static/immutable/chunks/21gcx5taoyklt.js:9:35973)
    at Array.run (https://vercel.com/_next/static/immutable/chunks/21gcx5taoyklt.js:9:45979)
    at starveInternal (https://vercel.com/_next/static/immutable/chunks/21gcx5taoyklt.js:5:2488)
    at https://vercel.com/_next/static/immutable/chunks/21gcx5taoyklt.js:5:3280 @ https://vercel.com/_next/static/immutable/chunks/1_ykvngsw_fry.js:8
[   21480ms] [ERROR] Transient network error SearchStreamStuckError
    at F.effect_instruction_i1 (https://vercel.com/_next/static/immutable/chunks/2wr9n_1fb4s_q.js:2:14807)
    at https://vercel.com/_next/static/immutable/chunks/21gcx5taoyklt.js:9:31372
    at https://vercel.com/_next/static/immutable/chunks/43wjusi2m5k98.js:3:30949
    at Object.OnSuccess (https://vercel.com/_next/static/immutable/chunks/21gcx5taoyklt.js:9:31365)
    at nO.Sync (https://vercel.com/_next/static/immutable/chunks/21gcx5taoyklt.js:9:41324)
    at https://vercel.com/_next/static/immutable/chunks/21gcx5taoyklt.js:9:45557
    at Object.context (https://vercel.com/_next/static/immutable/chunks/21gcx5taoyklt.js:8:141843)
    at nO.runLoop (https://vercel.com/_next/static/immutable/chunks/21gcx5taoyklt.js:9:45110)
    at nO.evaluateEffect (https://vercel.com/_next/static/immutable/chunks/21gcx5taoyklt.js:9:39069)
    at nO.evaluateMessageWhileSuspended (https://vercel.com/_next/static/immutable/chunks/21gcx5taoyklt.js:9:38688)
    at nO.drainQueueOnCurrentThread (https://vercel.com/_next/static/immutable/chunks/21gcx5taoyklt.js:9:35973)
    at Array.run (https://vercel.com/_next/static/immutable/chunks/21gcx5taoyklt.js:9:45979)
    at starveInternal (https://vercel.com/_next/static/immutable/chunks/21gcx5taoyklt.js:5:2488)
    at https://vercel.com/_next/static/immutable/chunks/21gcx5taoyklt.js:5:3280 @ https://vercel.com/_next/static/immutable/chunks/1_ykvngsw_fry.js:8
[   21481ms] [ERROR] Transient network error SearchStreamStuckError
    at F.effect_instruction_i1 (https://vercel.com/_next/static/immutable/chunks/2wr9n_1fb4s_q.js:2:14807)
    at https://vercel.com/_next/static/immutable/chunks/21gcx5taoyklt.js:9:31372
    at https://vercel.com/_next/static/immutable/chunks/43wjusi2m5k98.js:3:30949
    at Object.OnSuccess (https://vercel.com/_next/static/immutable/chunks/21gcx5taoyklt.js:9:31365)
    at nO.Sync (https://vercel.com/_next/static/immutable/chunks/21gcx5taoyklt.js:9:41324)
    at https://vercel.com/_next/static/immutable/chunks/21gcx5taoyklt.js:9:45557
    at Object.context (https://vercel.com/_next/static/immutable/chunks/21gcx5taoyklt.js:8:141843)
    at nO.runLoop (https://vercel.com/_next/static/immutable/chunks/21gcx5taoyklt.js:9:45110)
    at nO.evaluateEffect (https://vercel.com/_next/static/immutable/chunks/21gcx5taoyklt.js:9:39069)
    at nO.evaluateMessageWhileSuspended (https://vercel.com/_next/static/immutable/chunks/21gcx5taoyklt.js:9:38688)
    at nO.drainQueueOnCurrentThread (https://vercel.com/_next/static/immutable/chunks/21gcx5taoyklt.js:9:35973)
    at Array.run (https://vercel.com/_next/static/immutable/chunks/21gcx5taoyklt.js:9:45979)
    at starveInternal (https://vercel.com/_next/static/immutable/chunks/21gcx5taoyklt.js:5:2488)
    at https://vercel.com/_next/static/immutable/chunks/21gcx5taoyklt.js:5:3280 @ https://vercel.com/_next/static/immutable/chunks/1_ykvngsw_fry.js:8
[   21482ms] [ERROR] Transient network error SearchStreamStuckError
    at F.effect_instruction_i1 (https://vercel.com/_next/static/immutable/chunks/2wr9n_1fb4s_q.js:2:14807)
    at https://vercel.com/_next/static/immutable/chunks/21gcx5taoyklt.js:9:31372
    at https://vercel.com/_next/static/immutable/chunks/43wjusi2m5k98.js:3:30949
    at Object.OnSuccess (https://vercel.com/_next/static/immutable/chunks/21gcx5taoyklt.js:9:31365)
    at nO.Sync (https://vercel.com/_next/static/immutable/chunks/21gcx5taoyklt.js:9:41324)
    at https://vercel.com/_next/static/immutable/chunks/21gcx5taoyklt.js:9:45557
    at Object.context (https://vercel.com/_next/static/immutable/chunks/21gcx5taoyklt.js:8:141843)
    at nO.runLoop (https://vercel.com/_next/static/immutable/chunks/21gcx5taoyklt.js:9:45110)
    at nO.evaluateEffect (https://vercel.com/_next/static/immutable/chunks/21gcx5taoyklt.js:9:39069)
    at nO.evaluateMessageWhileSuspended (https://vercel.com/_next/static/immutable/chunks/21gcx5taoyklt.js:9:38688)
    at nO.drainQueueOnCurrentThread (https://vercel.com/_next/static/immutable/chunks/21gcx5taoyklt.js:9:35973)
    at Array.run (https://vercel.com/_next/static/immutable/chunks/21gcx5taoyklt.js:9:45979)
    at starveInternal (https://vercel.com/_next/static/immutable/chunks/21gcx5taoyklt.js:5:2488)
    at https://vercel.com/_next/static/immutable/chunks/21gcx5taoyklt.js:5:3280 @ https://vercel.com/_next/static/immutable/chunks/1_ykvngsw_fry.js:8
[   21523ms] [ERROR] Transient network error SearchStreamStuckError
    at F.effect_instruction_i1 (https://vercel.com/_next/static/immutable/chunks/2wr9n_1fb4s_q.js:2:14807)
    at https://vercel.com/_next/static/immutable/chunks/21gcx5taoyklt.js:9:31372
    at https://vercel.com/_next/static/immutable/chunks/43wjusi2m5k98.js:3:30949
    at Object.OnSuccess (https://vercel.com/_next/static/immutable/chunks/21gcx5taoyklt.js:9:31365)
    at nO.Sync (https://vercel.com/_next/static/immutable/chunks/21gcx5taoyklt.js:9:41324)
    at https://vercel.com/_next/static/immutable/chunks/21gcx5taoyklt.js:9:45557
    at Object.context (https://vercel.com/_next/static/immutable/chunks/21gcx5taoyklt.js:8:141843)
    at nO.runLoop (https://vercel.com/_next/static/immutable/chunks/21gcx5taoyklt.js:9:45110)
    at nO.evaluateEffect (https://vercel.com/_next/static/immutable/chunks/21gcx5taoyklt.js:9:39069)
    at nO.evaluateMessageWhileSuspended (https://vercel.com/_next/static/immutable/chunks/21gcx5taoyklt.js:9:38688)
    at nO.drainQueueOnCurrentThread (https://vercel.com/_next/static/immutable/chunks/21gcx5taoyklt.js:9:35973)
    at Array.run (https://vercel.com/_next/static/immutable/chunks/21gcx5taoyklt.js:9:45979)
    at starveInternal (https://vercel.com/_next/static/immutable/chunks/21gcx5taoyklt.js:5:2488)
    at https://vercel.com/_next/static/immutable/chunks/21gcx5taoyklt.js:5:3280 @ https://vercel.com/_next/static/immutable/chunks/1_ykvngsw_fry.js:8
[   21555ms] [ERROR] Transient network error SearchStreamStuckError
    at F.effect_instruction_i1 (https://vercel.com/_next/static/immutable/chunks/2wr9n_1fb4s_q.js:2:14807)
    at https://vercel.com/_next/static/immutable/chunks/21gcx5taoyklt.js:9:31372
    at https://vercel.com/_next/static/immutable/chunks/43wjusi2m5k98.js:3:30949
    at Object.OnSuccess (https://vercel.com/_next/static/immutable/chunks/21gcx5taoyklt.js:9:31365)
    at nO.Sync (https://vercel.com/_next/static/immutable/chunks/21gcx5taoyklt.js:9:41324)
    at https://vercel.com/_next/static/immutable/chunks/21gcx5taoyklt.js:9:45557
    at Object.context (https://vercel.com/_next/static/immutable/chunks/21gcx5taoyklt.js:8:141843)
    at nO.runLoop (https://vercel.com/_next/static/immutable/chunks/21gcx5taoyklt.js:9:45110)
    at nO.evaluateEffect (https://vercel.com/_next/static/immutable/chunks/21gcx5taoyklt.js:9:39069)
    at nO.evaluateMessageWhileSuspended (https://vercel.com/_next/static/immutable/chunks/21gcx5taoyklt.js:9:38688)
    at nO.drainQueueOnCurrentThread (https://vercel.com/_next/static/immutable/chunks/21gcx5taoyklt.js:9:35973)
    at Array.run (https://vercel.com/_next/static/immutable/chunks/21gcx5taoyklt.js:9:45979)
    at starveInternal (https://vercel.com/_next/static/immutable/chunks/21gcx5taoyklt.js:5:2488)
    at https://vercel.com/_next/static/immutable/chunks/21gcx5taoyklt.js:5:3280 @ https://vercel.com/_next/static/immutable/chunks/1_ykvngsw_fry.js:8
[   22345ms] [ERROR] Unauthorized: You are not allowed to access this resource
    at Object.decode (https://vercel.com/_next/static/immutable/chunks/21gcx5taoyklt.js:8:91619)
    at decode (https://vercel.com/_next/static/immutable/chunks/21gcx5taoyklt.js:8:63988)
    at https://vercel.com/_next/static/immutable/chunks/21gcx5taoyklt.js:8:32637
    at https://vercel.com/_next/static/immutable/chunks/43wjusi2m5k98.js:3:23900
    at Module.match (https://vercel.com/_next/static/immutable/chunks/1_ri5gi1vgln0.js:6:1110)
    at https://vercel.com/_next/static/immutable/chunks/21gcx5taoyklt.js:8:30346
    at https://vercel.com/_next/static/immutable/chunks/1_ri5gi1vgln0.js:6:1110
    at https://vercel.com/_next/static/immutable/chunks/21gcx5taoyklt.js:8:32578
    at https://vercel.com/_next/static/immutable/chunks/21gcx5taoyklt.js:8:39427
    at https://vercel.com/_next/static/immutable/chunks/21gcx5taoyklt.js:8:39427
    at https://vercel.com/_next/static/immutable/chunks/21gcx5taoyklt.js:8:37016
    at https://vercel.com/_next/static/immutable/chunks/21gcx5taoyklt.js:8:39427
    at https://vercel.com/_next/static/immutable/chunks/21gcx5taoyklt.js:8:37016
    at https://vercel.com/_next/static/immutable/chunks/21gcx5taoyklt.js:8:39427
    at https://vercel.com/_next/static/immutable/chunks/21gcx5taoyklt.js:8:32584
    at https://vercel.com/_next/static/immutable/chunks/21gcx5taoyklt.js:8:30985
    at https://vercel.com/_next/static/immutable/chunks/21gcx5taoyklt.js:8:49137
    at https://vercel.com/_next/static/immutable/chunks/2vo5_7zdebicb.js:2:126788
    at https://vercel.com/_next/static/immutable/chunks/2vo5_7zdebicb.js:2:127872
    at body (https://vercel.com/_next/static/immutable/chunks/2vo5_7zdebicb.js:2:128837)
    at nO.While (https://vercel.com/_next/static/immutable/chunks/21gcx5taoyklt.js:9:44530)
    at https://vercel.com/_next/static/immutable/chunks/21gcx5taoyklt.js:9:45557
    at Object.context (https://vercel.com/_next/static/immutable/chunks/21gcx5taoyklt.js:8:141843)
    at nO.runLoop (https://vercel.com/_next/static/immutable/chunks/21gcx5taoyklt.js:9:45110)
    at nO.evaluateEffect (https://vercel.com/_next/static/immutable/chunks/21gcx5taoyklt.js:9:39069)
    at nO.evaluateMessageWhileSuspended (https://vercel.com/_next/static/immutable/chunks/21gcx5taoyklt.js:9:38688)
    at nO.drainQueueOnCurrentThread (https://vercel.com/_next/static/immutable/chunks/21gcx5taoyklt.js:9:35973)
    at Array.run (https://vercel.com/_next/static/immutable/chunks/21gcx5taoyklt.js:9:45979)
    at starveInternal (https://vercel.com/_next/static/immutable/chunks/21gcx5taoyklt.js:5:2488)
    at https://vercel.com/_next/static/immutable/chunks/21gcx5taoyklt.js:5:3280 {attributes: Object} @ https://vercel.com/_next/static/immutable/chunks/1_ykvngsw_fry.js:8
[   22866ms] [ERROR] Unauthorized: You are not allowed to access this resource
    at Object.decode (https://vercel.com/_next/static/immutable/chunks/21gcx5taoyklt.js:8:91619)
    at decode (https://vercel.com/_next/static/immutable/chunks/21gcx5taoyklt.js:8:63988)
    at https://vercel.com/_next/static/immutable/chunks/21gcx5taoyklt.js:8:32637
    at https://vercel.com/_next/static/immutable/chunks/43wjusi2m5k98.js:3:23900
    at Module.match (https://vercel.com/_next/static/immutable/chunks/1_ri5gi1vgln0.js:6:1110)
    at https://vercel.com/_next/static/immutable/chunks/21gcx5taoyklt.js:8:30346
    at https://vercel.com/_next/static/immutable/chunks/1_ri5gi1vgln0.js:6:1110
    at https://vercel.com/_next/static/immutable/chunks/21gcx5taoyklt.js:8:32578
    at https://vercel.com/_next/static/immutable/chunks/21gcx5taoyklt.js:8:39427
    at https://vercel.com/_next/static/immutable/chunks/21gcx5taoyklt.js:8:39427
    at https://vercel.com/_next/static/immutable/chunks/21gcx5taoyklt.js:8:37016
    at https://vercel.com/_next/static/immutable/chunks/21gcx5taoyklt.js:8:39427
    at https://vercel.com/_next/static/immutable/chunks/21gcx5taoyklt.js:8:37016
    at https://vercel.com/_next/static/immutable/chunks/21gcx5taoyklt.js:8:39427
    at https://vercel.com/_next/static/immutable/chunks/21gcx5taoyklt.js:8:32584
    at https://vercel.com/_next/static/immutable/chunks/21gcx5taoyklt.js:8:30985
    at https://vercel.com/_next/static/immutable/chunks/21gcx5taoyklt.js:8:49137
    at https://vercel.com/_next/static/immutable/chunks/2vo5_7zdebicb.js:2:126788
    at https://vercel.com/_next/static/immutable/chunks/2vo5_7zdebicb.js:2:127872
    at body (https://vercel.com/_next/static/immutable/chunks/2vo5_7zdebicb.js:2:128837)
    at nO.While (https://vercel.com/_next/static/immutable/chunks/21gcx5taoyklt.js:9:44530)
    at https://vercel.com/_next/static/immutable/chunks/21gcx5taoyklt.js:9:45557
    at Object.context (https://vercel.com/_next/static/immutable/chunks/21gcx5taoyklt.js:8:141843)
    at nO.runLoop (https://vercel.com/_next/static/immutable/chunks/21gcx5taoyklt.js:9:45110)
    at nO.evaluateEffect (https://vercel.com/_next/static/immutable/chunks/21gcx5taoyklt.js:9:39069)
    at nO.evaluateMessageWhileSuspended (https://vercel.com/_next/static/immutable/chunks/21gcx5taoyklt.js:9:38688)
    at nO.drainQueueOnCurrentThread (https://vercel.com/_next/static/immutable/chunks/21gcx5taoyklt.js:9:35973)
    at Array.run (https://vercel.com/_next/static/immutable/chunks/21gcx5taoyklt.js:9:45979)
    at starveInternal (https://vercel.com/_next/static/immutable/chunks/21gcx5taoyklt.js:5:2488)
    at https://vercel.com/_next/static/immutable/chunks/21gcx5taoyklt.js:5:3280 {attributes: Object} @ https://vercel.com/_next/static/immutable/chunks/1_ykvngsw_fry.js:8
[   23930ms] [ERROR] Unauthorized: You are not allowed to access this resource
    at Object.decode (https://vercel.com/_next/static/immutable/chunks/21gcx5taoyklt.js:8:91619)
    at decode (https://vercel.com/_next/static/immutable/chunks/21gcx5taoyklt.js:8:63988)
    at https://vercel.com/_next/static/immutable/chunks/21gcx5taoyklt.js:8:32637
    at https://vercel.com/_next/static/immutable/chunks/43wjusi2m5k98.js:3:23900
    at Module.match (https://vercel.com/_next/static/immutable/chunks/1_ri5gi1vgln0.js:6:1110)
    at https://vercel.com/_next/static/immutable/chunks/21gcx5taoyklt.js:8:30346
    at https://vercel.com/_next/static/immutable/chunks/1_ri5gi1vgln0.js:6:1110
    at https://vercel.com/_next/static/immutable/chunks/21gcx5taoyklt.js:8:32578
    at https://vercel.com/_next/static/immutable/chunks/21gcx5taoyklt.js:8:39427
    at https://vercel.com/_next/static/immutable/chunks/21gcx5taoyklt.js:8:39427
    at https://vercel.com/_next/static/immutable/chunks/21gcx5taoyklt.js:8:37016
    at https://vercel.com/_next/static/immutable/chunks/21gcx5taoyklt.js:8:39427
    at https://vercel.com/_next/static/immutable/chunks/21gcx5taoyklt.js:8:37016
    at https://vercel.com/_next/static/immutable/chunks/21gcx5taoyklt.js:8:39427
    at https://vercel.com/_next/static/immutable/chunks/21gcx5taoyklt.js:8:32584
    at https://vercel.com/_next/static/immutable/chunks/21gcx5taoyklt.js:8:30985
    at https://vercel.com/_next/static/immutable/chunks/21gcx5taoyklt.js:8:49137
    at https://vercel.com/_next/static/immutable/chunks/2vo5_7zdebicb.js:2:126788
    at https://vercel.com/_next/static/immutable/chunks/2vo5_7zdebicb.js:2:127872
    at body (https://vercel.com/_next/static/immutable/chunks/2vo5_7zdebicb.js:2:128837)
    at nO.While (https://vercel.com/_next/static/immutable/chunks/21gcx5taoyklt.js:9:44530)
    at https://vercel.com/_next/static/immutable/chunks/21gcx5taoyklt.js:9:45557
    at Object.context (https://vercel.com/_next/static/immutable/chunks/21gcx5taoyklt.js:8:141843)
    at nO.runLoop (https://vercel.com/_next/static/immutable/chunks/21gcx5taoyklt.js:9:45110)
    at nO.evaluateEffect (https://vercel.com/_next/static/immutable/chunks/21gcx5taoyklt.js:9:39069)
    at nO.evaluateMessageWhileSuspended (https://vercel.com/_next/static/immutable/chunks/21gcx5taoyklt.js:9:38688)
    at nO.drainQueueOnCurrentThread (https://vercel.com/_next/static/immutable/chunks/21gcx5taoyklt.js:9:35973)
    at Array.run (https://vercel.com/_next/static/immutable/chunks/21gcx5taoyklt.js:9:45979)
    at starveInternal (https://vercel.com/_next/static/immutable/chunks/21gcx5taoyklt.js:5:2488)
    at https://vercel.com/_next/static/immutable/chunks/21gcx5taoyklt.js:5:3280 {attributes: Object} @ https://vercel.com/_next/static/immutable/chunks/1_ykvngsw_fry.js:8
[   26653ms] [ERROR] Unauthorized: You are not allowed to access this resource
    at Object.decode (https://vercel.com/_next/static/immutable/chunks/21gcx5taoyklt.js:8:91619)
    at decode (https://vercel.com/_next/static/immutable/chunks/21gcx5taoyklt.js:8:63988)
    at https://vercel.com/_next/static/immutable/chunks/21gcx5taoyklt.js:8:32637
    at https://vercel.com/_next/static/immutable/chunks/43wjusi2m5k98.js:3:23900
    at Module.match (https://vercel.com/_next/static/immutable/chunks/1_ri5gi1vgln0.js:6:1110)
    at https://vercel.com/_next/static/immutable/chunks/21gcx5taoyklt.js:8:30346
    at https://vercel.com/_next/static/immutable/chunks/1_ri5gi1vgln0.js:6:1110
    at https://vercel.com/_next/static/immutable/chunks/21gcx5taoyklt.js:8:32578
    at https://vercel.com/_next/static/immutable/chunks/21gcx5taoyklt.js:8:39427
    at https://vercel.com/_next/static/immutable/chunks/21gcx5taoyklt.js:8:39427
    at https://vercel.com/_next/static/immutable/chunks/21gcx5taoyklt.js:8:37016
    at https://vercel.com/_next/static/immutable/chunks/21gcx5taoyklt.js:8:39427
    at https://vercel.com/_next/static/immutable/chunks/21gcx5taoyklt.js:8:37016
    at https://vercel.com/_next/static/immutable/chunks/21gcx5taoyklt.js:8:39427
    at https://vercel.com/_next/static/immutable/chunks/21gcx5taoyklt.js:8:32584
    at https://vercel.com/_next/static/immutable/chunks/21gcx5taoyklt.js:8:30985
    at https://vercel.com/_next/static/immutable/chunks/21gcx5taoyklt.js:8:49137
    at https://vercel.com/_next/static/immutable/chunks/2vo5_7zdebicb.js:2:126788
    at https://vercel.com/_next/static/immutable/chunks/2vo5_7zdebicb.js:2:127872
    at body (https://vercel.com/_next/static/immutable/chunks/2vo5_7zdebicb.js:2:128837)
    at nO.While (https://vercel.com/_next/static/immutable/chunks/21gcx5taoyklt.js:9:44530)
    at https://vercel.com/_next/static/immutable/chunks/21gcx5taoyklt.js:9:45557
    at Object.context (https://vercel.com/_next/static/immutable/chunks/21gcx5taoyklt.js:8:141843)
    at nO.runLoop (https://vercel.com/_next/static/immutable/chunks/21gcx5taoyklt.js:9:45110)
    at nO.evaluateEffect (https://vercel.com/_next/static/immutable/chunks/21gcx5taoyklt.js:9:39069)
    at nO.evaluateMessageWhileSuspended (https://vercel.com/_next/static/immutable/chunks/21gcx5taoyklt.js:9:38688)
    at nO.drainQueueOnCurrentThread (https://vercel.com/_next/static/immutable/chunks/21gcx5taoyklt.js:9:35973)
    at Array.run (https://vercel.com/_next/static/immutable/chunks/21gcx5taoyklt.js:9:45979)
    at starveInternal (https://vercel.com/_next/static/immutable/chunks/21gcx5taoyklt.js:5:2488)
    at https://vercel.com/_next/static/immutable/chunks/21gcx5taoyklt.js:5:3280 {attributes: Object} @ https://vercel.com/_next/static/immutable/chunks/1_ykvngsw_fry.js:8
[   27100ms] [ERROR] Transient network error SearchStreamStuckError
    at F.effect_instruction_i1 (https://vercel.com/_next/static/immutable/chunks/2wr9n_1fb4s_q.js:2:14807)
    at https://vercel.com/_next/static/immutable/chunks/21gcx5taoyklt.js:9:31372
    at https://vercel.com/_next/static/immutable/chunks/43wjusi2m5k98.js:3:30949
    at Object.OnSuccess (https://vercel.com/_next/static/immutable/chunks/21gcx5taoyklt.js:9:31365)
    at nO.Sync (https://vercel.com/_next/static/immutable/chunks/21gcx5taoyklt.js:9:41324)
    at https://vercel.com/_next/static/immutable/chunks/21gcx5taoyklt.js:9:45557
    at Object.context (https://vercel.com/_next/static/immutable/chunks/21gcx5taoyklt.js:8:141843)
    at nO.runLoop (https://vercel.com/_next/static/immutable/chunks/21gcx5taoyklt.js:9:45110)
    at nO.evaluateEffect (https://vercel.com/_next/static/immutable/chunks/21gcx5taoyklt.js:9:39069)
    at nO.evaluateMessageWhileSuspended (https://vercel.com/_next/static/immutable/chunks/21gcx5taoyklt.js:9:38688)
    at nO.drainQueueOnCurrentThread (https://vercel.com/_next/static/immutable/chunks/21gcx5taoyklt.js:9:35973)
    at Array.run (https://vercel.com/_next/static/immutable/chunks/21gcx5taoyklt.js:9:45979)
    at starveInternal (https://vercel.com/_next/static/immutable/chunks/21gcx5taoyklt.js:5:2488)
    at https://vercel.com/_next/static/immutable/chunks/21gcx5taoyklt.js:5:3280 @ https://vercel.com/_next/static/immutable/chunks/1_ykvngsw_fry.js:8
[   27101ms] [ERROR] SearchStreamStuckError
    at F.effect_instruction_i1 (https://vercel.com/_next/static/immutable/chunks/2wr9n_1fb4s_q.js:2:14807)
    at https://vercel.com/_next/static/immutable/chunks/21gcx5taoyklt.js:9:31372
    at https://vercel.com/_next/static/immutable/chunks/43wjusi2m5k98.js:3:30949
    at Object.OnSuccess (https://vercel.com/_next/static/immutable/chunks/21gcx5taoyklt.js:9:31365)
    at nO.Sync (https://vercel.com/_next/static/immutable/chunks/21gcx5taoyklt.js:9:41324)
    at https://vercel.com/_next/static/immutable/chunks/21gcx5taoyklt.js:9:45557
    at Object.context (https://vercel.com/_next/static/immutable/chunks/21gcx5taoyklt.js:8:141843)
    at nO.runLoop (https://vercel.com/_next/static/immutable/chunks/21gcx5taoyklt.js:9:45110)
    at nO.evaluateEffect (https://vercel.com/_next/static/immutable/chunks/21gcx5taoyklt.js:9:39069)
    at nO.evaluateMessageWhileSuspended (https://vercel.com/_next/static/immutable/chunks/21gcx5taoyklt.js:9:38688)
    at nO.drainQueueOnCurrentThread (https://vercel.com/_next/static/immutable/chunks/21gcx5taoyklt.js:9:35973)
    at Array.run (https://vercel.com/_next/static/immutable/chunks/21gcx5taoyklt.js:9:45979)
    at starveInternal (https://vercel.com/_next/static/immutable/chunks/21gcx5taoyklt.js:5:2488)
    at https://vercel.com/_next/static/immutable/chunks/21gcx5taoyklt.js:5:3280 {attributes: Object} @ https://vercel.com/_next/static/immutable/chunks/1_ykvngsw_fry.js:8
[   27207ms] [ERROR] Transient network error SearchStreamStuckError
    at F.effect_instruction_i1 (https://vercel.com/_next/static/immutable/chunks/2wr9n_1fb4s_q.js:2:14807)
    at https://vercel.com/_next/static/immutable/chunks/21gcx5taoyklt.js:9:31372
    at https://vercel.com/_next/static/immutable/chunks/43wjusi2m5k98.js:3:30949
    at Object.OnSuccess (https://vercel.com/_next/static/immutable/chunks/21gcx5taoyklt.js:9:31365)
    at nO.Sync (https://vercel.com/_next/static/immutable/chunks/21gcx5taoyklt.js:9:41324)
    at https://vercel.com/_next/static/immutable/chunks/21gcx5taoyklt.js:9:45557
    at Object.context (https://vercel.com/_next/static/immutable/chunks/21gcx5taoyklt.js:8:141843)
    at nO.runLoop (https://vercel.com/_next/static/immutable/chunks/21gcx5taoyklt.js:9:45110)
    at nO.evaluateEffect (https://vercel.com/_next/static/immutable/chunks/21gcx5taoyklt.js:9:39069)
    at nO.evaluateMessageWhileSuspended (https://vercel.com/_next/static/immutable/chunks/21gcx5taoyklt.js:9:38688)
    at nO.drainQueueOnCurrentThread (https://vercel.com/_next/static/immutable/chunks/21gcx5taoyklt.js:9:35973)
    at Array.run (https://vercel.com/_next/static/immutable/chunks/21gcx5taoyklt.js:9:45979)
    at starveInternal (https://vercel.com/_next/static/immutable/chunks/21gcx5taoyklt.js:5:2488)
    at https://vercel.com/_next/static/immutable/chunks/21gcx5taoyklt.js:5:3280 @ https://vercel.com/_next/static/immutable/chunks/1_ykvngsw_fry.js:8
[   27208ms] [ERROR] Transient network error SearchStreamStuckError
    at F.effect_instruction_i1 (https://vercel.com/_next/static/immutable/chunks/2wr9n_1fb4s_q.js:2:14807)
    at https://vercel.com/_next/static/immutable/chunks/21gcx5taoyklt.js:9:31372
    at https://vercel.com/_next/static/immutable/chunks/43wjusi2m5k98.js:3:30949
    at Object.OnSuccess (https://vercel.com/_next/static/immutable/chunks/21gcx5taoyklt.js:9:31365)
    at nO.Sync (https://vercel.com/_next/static/immutable/chunks/21gcx5taoyklt.js:9:41324)
    at https://vercel.com/_next/static/immutable/chunks/21gcx5taoyklt.js:9:45557
    at Object.context (https://vercel.com/_next/static/immutable/chunks/21gcx5taoyklt.js:8:141843)
    at nO.runLoop (https://vercel.com/_next/static/immutable/chunks/21gcx5taoyklt.js:9:45110)
    at nO.evaluateEffect (https://vercel.com/_next/static/immutable/chunks/21gcx5taoyklt.js:9:39069)
    at nO.evaluateMessageWhileSuspended (https://vercel.com/_next/static/immutable/chunks/21gcx5taoyklt.js:9:38688)
    at nO.drainQueueOnCurrentThread (https://vercel.com/_next/static/immutable/chunks/21gcx5taoyklt.js:9:35973)
    at Array.run (https://vercel.com/_next/static/immutable/chunks/21gcx5taoyklt.js:9:45979)
    at starveInternal (https://vercel.com/_next/static/immutable/chunks/21gcx5taoyklt.js:5:2488)
    at https://vercel.com/_next/static/immutable/chunks/21gcx5taoyklt.js:5:3280 @ https://vercel.com/_next/static/immutable/chunks/1_ykvngsw_fry.js:8
[   27223ms] [ERROR] Transient network error SearchStreamStuckError
    at F.effect_instruction_i1 (https://vercel.com/_next/static/immutable/chunks/2wr9n_1fb4s_q.js:2:14807)
    at https://vercel.com/_next/static/immutable/chunks/21gcx5taoyklt.js:9:31372
    at https://vercel.com/_next/static/immutable/chunks/43wjusi2m5k98.js:3:30949
    at Object.OnSuccess (https://vercel.com/_next/static/immutable/chunks/21gcx5taoyklt.js:9:31365)
    at nO.Sync (https://vercel.com/_next/static/immutable/chunks/21gcx5taoyklt.js:9:41324)
    at https://vercel.com/_next/static/immutable/chunks/21gcx5taoyklt.js:9:45557
    at Object.context (https://vercel.com/_next/static/immutable/chunks/21gcx5taoyklt.js:8:141843)
    at nO.runLoop (https://vercel.com/_next/static/immutable/chunks/21gcx5taoyklt.js:9:45110)
    at nO.evaluateEffect (https://vercel.com/_next/static/immutable/chunks/21gcx5taoyklt.js:9:39069)
    at nO.evaluateMessageWhileSuspended (https://vercel.com/_next/static/immutable/chunks/21gcx5taoyklt.js:9:38688)
    at nO.drainQueueOnCurrentThread (https://vercel.com/_next/static/immutable/chunks/21gcx5taoyklt.js:9:35973)
    at Array.run (https://vercel.com/_next/static/immutable/chunks/21gcx5taoyklt.js:9:45979)
    at starveInternal (https://vercel.com/_next/static/immutable/chunks/21gcx5taoyklt.js:5:2488)
    at https://vercel.com/_next/static/immutable/chunks/21gcx5taoyklt.js:5:3280 @ https://vercel.com/_next/static/immutable/chunks/1_ykvngsw_fry.js:8
[   27269ms] [ERROR] Transient network error SearchStreamStuckError
    at F.effect_instruction_i1 (https://vercel.com/_next/static/immutable/chunks/2wr9n_1fb4s_q.js:2:14807)
    at https://vercel.com/_next/static/immutable/chunks/21gcx5taoyklt.js:9:31372
    at https://vercel.com/_next/static/immutable/chunks/43wjusi2m5k98.js:3:30949
    at Object.OnSuccess (https://vercel.com/_next/static/immutable/chunks/21gcx5taoyklt.js:9:31365)
    at nO.Sync (https://vercel.com/_next/static/immutable/chunks/21gcx5taoyklt.js:9:41324)
    at https://vercel.com/_next/static/immutable/chunks/21gcx5taoyklt.js:9:45557
    at Object.context (https://vercel.com/_next/static/immutable/chunks/21gcx5taoyklt.js:8:141843)
    at nO.runLoop (https://vercel.com/_next/static/immutable/chunks/21gcx5taoyklt.js:9:45110)
    at nO.evaluateEffect (https://vercel.com/_next/static/immutable/chunks/21gcx5taoyklt.js:9:39069)
    at nO.evaluateMessageWhileSuspended (https://vercel.com/_next/static/immutable/chunks/21gcx5taoyklt.js:9:38688)
    at nO.drainQueueOnCurrentThread (https://vercel.com/_next/static/immutable/chunks/21gcx5taoyklt.js:9:35973)
    at Array.run (https://vercel.com/_next/static/immutable/chunks/21gcx5taoyklt.js:9:45979)
    at starveInternal (https://vercel.com/_next/static/immutable/chunks/21gcx5taoyklt.js:5:2488)
    at https://vercel.com/_next/static/immutable/chunks/21gcx5taoyklt.js:5:3280 @ https://vercel.com/_next/static/immutable/chunks/1_ykvngsw_fry.js:8
[   27314ms] [ERROR] Transient network error SearchStreamStuckError
    at F.effect_instruction_i1 (https://vercel.com/_next/static/immutable/chunks/2wr9n_1fb4s_q.js:2:14807)
    at https://vercel.com/_next/static/immutable/chunks/21gcx5taoyklt.js:9:31372
    at https://vercel.com/_next/static/immutable/chunks/43wjusi2m5k98.js:3:30949
    at Object.OnSuccess (https://vercel.com/_next/static/immutable/chunks/21gcx5taoyklt.js:9:31365)
    at nO.Sync (https://vercel.com/_next/static/immutable/chunks/21gcx5taoyklt.js:9:41324)
    at https://vercel.com/_next/static/immutable/chunks/21gcx5taoyklt.js:9:45557
    at Object.context (https://vercel.com/_next/static/immutable/chunks/21gcx5taoyklt.js:8:141843)
    at nO.runLoop (https://vercel.com/_next/static/immutable/chunks/21gcx5taoyklt.js:9:45110)
    at nO.evaluateEffect (https://vercel.com/_next/static/immutable/chunks/21gcx5taoyklt.js:9:39069)
    at nO.evaluateMessageWhileSuspended (https://vercel.com/_next/static/immutable/chunks/21gcx5taoyklt.js:9:38688)
    at nO.drainQueueOnCurrentThread (https://vercel.com/_next/static/immutable/chunks/21gcx5taoyklt.js:9:35973)
    at Array.run (https://vercel.com/_next/static/immutable/chunks/21gcx5taoyklt.js:9:45979)
    at starveInternal (https://vercel.com/_next/static/immutable/chunks/21gcx5taoyklt.js:5:2488)
    at https://vercel.com/_next/static/immutable/chunks/21gcx5taoyklt.js:5:3280 @ https://vercel.com/_next/static/immutable/chunks/1_ykvngsw_fry.js:8
[   27329ms] [ERROR] Transient network error SearchStreamStuckError
    at F.effect_instruction_i1 (https://vercel.com/_next/static/immutable/chunks/2wr9n_1fb4s_q.js:2:14807)
    at https://vercel.com/_next/static/immutable/chunks/21gcx5taoyklt.js:9:31372
    at https://vercel.com/_next/static/immutable/chunks/43wjusi2m5k98.js:3:30949
    at Object.OnSuccess (https://vercel.com/_next/static/immutable/chunks/21gcx5taoyklt.js:9:31365)
    at nO.Sync (https://vercel.com/_next/static/immutable/chunks/21gcx5taoyklt.js:9:41324)
    at https://vercel.com/_next/static/immutable/chunks/21gcx5taoyklt.js:9:45557
    at Object.context (https://vercel.com/_next/static/immutable/chunks/21gcx5taoyklt.js:8:141843)
    at nO.runLoop (https://vercel.com/_next/static/immutable/chunks/21gcx5taoyklt.js:9:45110)
    at nO.evaluateEffect (https://vercel.com/_next/static/immutable/chunks/21gcx5taoyklt.js:9:39069)
    at nO.evaluateMessageWhileSuspended (https://vercel.com/_next/static/immutable/chunks/21gcx5taoyklt.js:9:38688)
    at nO.drainQueueOnCurrentThread (https://vercel.com/_next/static/immutable/chunks/21gcx5taoyklt.js:9:35973)
    at Array.run (https://vercel.com/_next/static/immutable/chunks/21gcx5taoyklt.js:9:45979)
    at starveInternal (https://vercel.com/_next/static/immutable/chunks/21gcx5taoyklt.js:5:2488)
    at https://vercel.com/_next/static/immutable/chunks/21gcx5taoyklt.js:5:3280 @ https://vercel.com/_next/static/immutable/chunks/1_ykvngsw_fry.js:8
[   29920ms] [WARNING] The resource https://vercel.com/_next/static/immutable/chunks/3flhcz7cw314y.css was preloaded using link preload but not used within a few seconds from the window's load event. Please make sure it has an appropriate `as` value and it is preloaded intentionally. @ https://vercel.com/domains/search?q=pasteleriafatimauy.com:0
[   29920ms] [WARNING] The resource https://vercel.com/_next/static/immutable/chunks/1n2ul1ugm573d.css was preloaded using link preload but not used within a few seconds from the window's load event. Please make sure it has an appropriate `as` value and it is preloaded intentionally. @ https://vercel.com/domains/search?q=pasteleriafatimauy.com:0
[   30105ms] [ERROR] Unauthorized: You are not allowed to access this resource
    at Object.decode (https://vercel.com/_next/static/immutable/chunks/21gcx5taoyklt.js:8:91619)
    at decode (https://vercel.com/_next/static/immutable/chunks/21gcx5taoyklt.js:8:63988)
    at https://vercel.com/_next/static/immutable/chunks/21gcx5taoyklt.js:8:32637
    at https://vercel.com/_next/static/immutable/chunks/43wjusi2m5k98.js:3:23900
    at Module.match (https://vercel.com/_next/static/immutable/chunks/1_ri5gi1vgln0.js:6:1110)
    at https://vercel.com/_next/static/immutable/chunks/21gcx5taoyklt.js:8:30346
    at https://vercel.com/_next/static/immutable/chunks/1_ri5gi1vgln0.js:6:1110
    at https://vercel.com/_next/static/immutable/chunks/21gcx5taoyklt.js:8:32578
    at https://vercel.com/_next/static/immutable/chunks/21gcx5taoyklt.js:8:39427
    at https://vercel.com/_next/static/immutable/chunks/21gcx5taoyklt.js:8:39427
    at https://vercel.com/_next/static/immutable/chunks/21gcx5taoyklt.js:8:37016
    at https://vercel.com/_next/static/immutable/chunks/21gcx5taoyklt.js:8:39427
    at https://vercel.com/_next/static/immutable/chunks/21gcx5taoyklt.js:8:37016
    at https://vercel.com/_next/static/immutable/chunks/21gcx5taoyklt.js:8:39427
    at https://vercel.com/_next/static/immutable/chunks/21gcx5taoyklt.js:8:32584
    at https://vercel.com/_next/static/immutable/chunks/21gcx5taoyklt.js:8:30985
    at https://vercel.com/_next/static/immutable/chunks/21gcx5taoyklt.js:8:49137
    at https://vercel.com/_next/static/immutable/chunks/2vo5_7zdebicb.js:2:126788
    at https://vercel.com/_next/static/immutable/chunks/2vo5_7zdebicb.js:2:127872
    at body (https://vercel.com/_next/static/immutable/chunks/2vo5_7zdebicb.js:2:128837)
    at nO.While (https://vercel.com/_next/static/immutable/chunks/21gcx5taoyklt.js:9:44530)
    at https://vercel.com/_next/static/immutable/chunks/21gcx5taoyklt.js:9:45557
    at Object.context (https://vercel.com/_next/static/immutable/chunks/21gcx5taoyklt.js:8:141843)
    at nO.runLoop (https://vercel.com/_next/static/immutable/chunks/21gcx5taoyklt.js:9:45110)
    at nO.evaluateEffect (https://vercel.com/_next/static/immutable/chunks/21gcx5taoyklt.js:9:39069)
    at nO.evaluateMessageWhileSuspended (https://vercel.com/_next/static/immutable/chunks/21gcx5taoyklt.js:9:38688)
    at nO.drainQueueOnCurrentThread (https://vercel.com/_next/static/immutable/chunks/21gcx5taoyklt.js:9:35973)
    at Array.run (https://vercel.com/_next/static/immutable/chunks/21gcx5taoyklt.js:9:45979)
    at starveInternal (https://vercel.com/_next/static/immutable/chunks/21gcx5taoyklt.js:5:2488)
    at https://vercel.com/_next/static/immutable/chunks/21gcx5taoyklt.js:5:3280 {attributes: Object} @ https://vercel.com/_next/static/immutable/chunks/1_ykvngsw_fry.js:8
[   30649ms] [ERROR] Unauthorized: You are not allowed to access this resource
    at Object.decode (https://vercel.com/_next/static/immutable/chunks/21gcx5taoyklt.js:8:91619)
    at decode (https://vercel.com/_next/static/immutable/chunks/21gcx5taoyklt.js:8:63988)
    at https://vercel.com/_next/static/immutable/chunks/21gcx5taoyklt.js:8:32637
    at https://vercel.com/_next/static/immutable/chunks/43wjusi2m5k98.js:3:23900
    at Module.match (https://vercel.com/_next/static/immutable/chunks/1_ri5gi1vgln0.js:6:1110)
    at https://vercel.com/_next/static/immutable/chunks/21gcx5taoyklt.js:8:30346
    at https://vercel.com/_next/static/immutable/chunks/1_ri5gi1vgln0.js:6:1110
    at https://vercel.com/_next/static/immutable/chunks/21gcx5taoyklt.js:8:32578
    at https://vercel.com/_next/static/immutable/chunks/21gcx5taoyklt.js:8:39427
    at https://vercel.com/_next/static/immutable/chunks/21gcx5taoyklt.js:8:39427
    at https://vercel.com/_next/static/immutable/chunks/21gcx5taoyklt.js:8:37016
    at https://vercel.com/_next/static/immutable/chunks/21gcx5taoyklt.js:8:39427
    at https://vercel.com/_next/static/immutable/chunks/21gcx5taoyklt.js:8:37016
    at https://vercel.com/_next/static/immutable/chunks/21gcx5taoyklt.js:8:39427
    at https://vercel.com/_next/static/immutable/chunks/21gcx5taoyklt.js:8:32584
    at https://vercel.com/_next/static/immutable/chunks/21gcx5taoyklt.js:8:30985
    at https://vercel.com/_next/static/immutable/chunks/21gcx5taoyklt.js:8:49137
    at https://vercel.com/_next/static/immutable/chunks/2vo5_7zdebicb.js:2:126788
    at https://vercel.com/_next/static/immutable/chunks/2vo5_7zdebicb.js:2:127872
    at body (https://vercel.com/_next/static/immutable/chunks/2vo5_7zdebicb.js:2:128837)
    at nO.While (https://vercel.com/_next/static/immutable/chunks/21gcx5taoyklt.js:9:44530)
    at https://vercel.com/_next/static/immutable/chunks/21gcx5taoyklt.js:9:45557
    at Object.context (https://vercel.com/_next/static/immutable/chunks/21gcx5taoyklt.js:8:141843)
    at nO.runLoop (https://vercel.com/_next/static/immutable/chunks/21gcx5taoyklt.js:9:45110)
    at nO.evaluateEffect (https://vercel.com/_next/static/immutable/chunks/21gcx5taoyklt.js:9:39069)
    at nO.evaluateMessageWhileSuspended (https://vercel.com/_next/static/immutable/chunks/21gcx5taoyklt.js:9:38688)
    at nO.drainQueueOnCurrentThread (https://vercel.com/_next/static/immutable/chunks/21gcx5taoyklt.js:9:35973)
    at Array.run (https://vercel.com/_next/static/immutable/chunks/21gcx5taoyklt.js:9:45979)
    at starveInternal (https://vercel.com/_next/static/immutable/chunks/21gcx5taoyklt.js:5:2488)
    at https://vercel.com/_next/static/immutable/chunks/21gcx5taoyklt.js:5:3280 {attributes: Object} @ https://vercel.com/_next/static/immutable/chunks/1_ykvngsw_fry.js:8
[   31692ms] [ERROR] Unauthorized: You are not allowed to access this resource
    at Object.decode (https://vercel.com/_next/static/immutable/chunks/21gcx5taoyklt.js:8:91619)
    at decode (https://vercel.com/_next/static/immutable/chunks/21gcx5taoyklt.js:8:63988)
    at https://vercel.com/_next/static/immutable/chunks/21gcx5taoyklt.js:8:32637
    at https://vercel.com/_next/static/immutable/chunks/43wjusi2m5k98.js:3:23900
    at Module.match (https://vercel.com/_next/static/immutable/chunks/1_ri5gi1vgln0.js:6:1110)
    at https://vercel.com/_next/static/immutable/chunks/21gcx5taoyklt.js:8:30346
    at https://vercel.com/_next/static/immutable/chunks/1_ri5gi1vgln0.js:6:1110
    at https://vercel.com/_next/static/immutable/chunks/21gcx5taoyklt.js:8:32578
    at https://vercel.com/_next/static/immutable/chunks/21gcx5taoyklt.js:8:39427
    at https://vercel.com/_next/static/immutable/chunks/21gcx5taoyklt.js:8:39427
    at https://vercel.com/_next/static/immutable/chunks/21gcx5taoyklt.js:8:37016
    at https://vercel.com/_next/static/immutable/chunks/21gcx5taoyklt.js:8:39427
    at https://vercel.com/_next/static/immutable/chunks/21gcx5taoyklt.js:8:37016
    at https://vercel.com/_next/static/immutable/chunks/21gcx5taoyklt.js:8:39427
    at https://vercel.com/_next/static/immutable/chunks/21gcx5taoyklt.js:8:32584
    at https://vercel.com/_next/static/immutable/chunks/21gcx5taoyklt.js:8:30985
    at https://vercel.com/_next/static/immutable/chunks/21gcx5taoyklt.js:8:49137
    at https://vercel.com/_next/static/immutable/chunks/2vo5_7zdebicb.js:2:126788
    at https://vercel.com/_next/static/immutable/chunks/2vo5_7zdebicb.js:2:127872
    at body (https://vercel.com/_next/static/immutable/chunks/2vo5_7zdebicb.js:2:128837)
    at nO.While (https://vercel.com/_next/static/immutable/chunks/21gcx5taoyklt.js:9:44530)
    at https://vercel.com/_next/static/immutable/chunks/21gcx5taoyklt.js:9:45557
    at Object.context (https://vercel.com/_next/static/immutable/chunks/21gcx5taoyklt.js:8:141843)
    at nO.runLoop (https://vercel.com/_next/static/immutable/chunks/21gcx5taoyklt.js:9:45110)
    at nO.evaluateEffect (https://vercel.com/_next/static/immutable/chunks/21gcx5taoyklt.js:9:39069)
    at nO.evaluateMessageWhileSuspended (https://vercel.com/_next/static/immutable/chunks/21gcx5taoyklt.js:9:38688)
    at nO.drainQueueOnCurrentThread (https://vercel.com/_next/static/immutable/chunks/21gcx5taoyklt.js:9:35973)
    at Array.run (https://vercel.com/_next/static/immutable/chunks/21gcx5taoyklt.js:9:45979)
    at starveInternal (https://vercel.com/_next/static/immutable/chunks/21gcx5taoyklt.js:5:2488)
    at https://vercel.com/_next/static/immutable/chunks/21gcx5taoyklt.js:5:3280 {attributes: Object} @ https://vercel.com/_next/static/immutable/chunks/1_ykvngsw_fry.js:8
[   34182ms] [ERROR] Failed to load resource: the server responded with a status of 403 () @ https://vercel.com/api/domains/search?q=pasteleriafatimauy.com:0
[   34839ms] [ERROR] Transient network error SearchStreamStuckError
    at F.effect_instruction_i1 (https://vercel.com/_next/static/immutable/chunks/2wr9n_1fb4s_q.js:2:14807)
    at https://vercel.com/_next/static/immutable/chunks/21gcx5taoyklt.js:9:31372
    at https://vercel.com/_next/static/immutable/chunks/43wjusi2m5k98.js:3:30949
    at Object.OnSuccess (https://vercel.com/_next/static/immutable/chunks/21gcx5taoyklt.js:9:31365)
    at nO.Sync (https://vercel.com/_next/static/immutable/chunks/21gcx5taoyklt.js:9:41324)
    at https://vercel.com/_next/static/immutable/chunks/21gcx5taoyklt.js:9:45557
    at Object.context (https://vercel.com/_next/static/immutable/chunks/21gcx5taoyklt.js:8:141843)
    at nO.runLoop (https://vercel.com/_next/static/immutable/chunks/21gcx5taoyklt.js:9:45110)
    at nO.evaluateEffect (https://vercel.com/_next/static/immutable/chunks/21gcx5taoyklt.js:9:39069)
    at nO.evaluateMessageWhileSuspended (https://vercel.com/_next/static/immutable/chunks/21gcx5taoyklt.js:9:38688)
    at nO.drainQueueOnCurrentThread (https://vercel.com/_next/static/immutable/chunks/21gcx5taoyklt.js:9:35973)
    at Array.run (https://vercel.com/_next/static/immutable/chunks/21gcx5taoyklt.js:9:45979)
    at starveInternal (https://vercel.com/_next/static/immutable/chunks/21gcx5taoyklt.js:5:2488)
    at https://vercel.com/_next/static/immutable/chunks/21gcx5taoyklt.js:5:3280 @ https://vercel.com/_next/static/immutable/chunks/1_ykvngsw_fry.js:8
[   35101ms] [ERROR] Transient network error SearchStreamStuckError
    at F.effect_instruction_i1 (https://vercel.com/_next/static/immutable/chunks/2wr9n_1fb4s_q.js:2:14807)
    at https://vercel.com/_next/static/immutable/chunks/21gcx5taoyklt.js:9:31372
    at https://vercel.com/_next/static/immutable/chunks/43wjusi2m5k98.js:3:30949
    at Object.OnSuccess (https://vercel.com/_next/static/immutable/chunks/21gcx5taoyklt.js:9:31365)
    at nO.Sync (https://vercel.com/_next/static/immutable/chunks/21gcx5taoyklt.js:9:41324)
    at https://vercel.com/_next/static/immutable/chunks/21gcx5taoyklt.js:9:45557
    at Object.context (https://vercel.com/_next/static/immutable/chunks/21gcx5taoyklt.js:8:141843)
    at nO.runLoop (https://vercel.com/_next/static/immutable/chunks/21gcx5taoyklt.js:9:45110)
    at nO.evaluateEffect (https://vercel.com/_next/static/immutable/chunks/21gcx5taoyklt.js:9:39069)
    at nO.evaluateMessageWhileSuspended (https://vercel.com/_next/static/immutable/chunks/21gcx5taoyklt.js:9:38688)
    at nO.drainQueueOnCurrentThread (https://vercel.com/_next/static/immutable/chunks/21gcx5taoyklt.js:9:35973)
    at Array.run (https://vercel.com/_next/static/immutable/chunks/21gcx5taoyklt.js:9:45979)
    at starveInternal (https://vercel.com/_next/static/immutable/chunks/21gcx5taoyklt.js:5:2488)
    at https://vercel.com/_next/static/immutable/chunks/21gcx5taoyklt.js:5:3280 @ https://vercel.com/_next/static/immutable/chunks/1_ykvngsw_fry.js:8
[   35133ms] [ERROR] Transient network error SearchStreamStuckError
    at F.effect_instruction_i1 (https://vercel.com/_next/static/immutable/chunks/2wr9n_1fb4s_q.js:2:14807)
    at https://vercel.com/_next/static/immutable/chunks/21gcx5taoyklt.js:9:31372
    at https://vercel.com/_next/static/immutable/chunks/43wjusi2m5k98.js:3:30949
    at Object.OnSuccess (https://vercel.com/_next/static/immutable/chunks/21gcx5taoyklt.js:9:31365)
    at nO.Sync (https://vercel.com/_next/static/immutable/chunks/21gcx5taoyklt.js:9:41324)
    at https://vercel.com/_next/static/immutable/chunks/21gcx5taoyklt.js:9:45557
    at Object.context (https://vercel.com/_next/static/immutable/chunks/21gcx5taoyklt.js:8:141843)
    at nO.runLoop (https://vercel.com/_next/static/immutable/chunks/21gcx5taoyklt.js:9:45110)
    at nO.evaluateEffect (https://vercel.com/_next/static/immutable/chunks/21gcx5taoyklt.js:9:39069)
    at nO.evaluateMessageWhileSuspended (https://vercel.com/_next/static/immutable/chunks/21gcx5taoyklt.js:9:38688)
    at nO.drainQueueOnCurrentThread (https://vercel.com/_next/static/immutable/chunks/21gcx5taoyklt.js:9:35973)
    at Array.run (https://vercel.com/_next/static/immutable/chunks/21gcx5taoyklt.js:9:45979)
    at starveInternal (https://vercel.com/_next/static/immutable/chunks/21gcx5taoyklt.js:5:2488)
    at https://vercel.com/_next/static/immutable/chunks/21gcx5taoyklt.js:5:3280 @ https://vercel.com/_next/static/immutable/chunks/1_ykvngsw_fry.js:8
[   35198ms] [ERROR] Unauthorized: You are not allowed to access this resource
    at Object.decode (https://vercel.com/_next/static/immutable/chunks/21gcx5taoyklt.js:8:91619)
    at decode (https://vercel.com/_next/static/immutable/chunks/21gcx5taoyklt.js:8:63988)
    at https://vercel.com/_next/static/immutable/chunks/21gcx5taoyklt.js:8:32637
    at https://vercel.com/_next/static/immutable/chunks/43wjusi2m5k98.js:3:23900
    at Module.match (https://vercel.com/_next/static/immutable/chunks/1_ri5gi1vgln0.js:6:1110)
    at https://vercel.com/_next/static/immutable/chunks/21gcx5taoyklt.js:8:30346
    at https://vercel.com/_next/static/immutable/chunks/1_ri5gi1vgln0.js:6:1110
    at https://vercel.com/_next/static/immutable/chunks/21gcx5taoyklt.js:8:32578
    at https://vercel.com/_next/static/immutable/chunks/21gcx5taoyklt.js:8:39427
    at https://vercel.com/_next/static/immutable/chunks/21gcx5taoyklt.js:8:39427
    at https://vercel.com/_next/static/immutable/chunks/21gcx5taoyklt.js:8:37016
    at https://vercel.com/_next/static/immutable/chunks/21gcx5taoyklt.js:8:39427
    at https://vercel.com/_next/static/immutable/chunks/21gcx5taoyklt.js:8:37016
    at https://vercel.com/_next/static/immutable/chunks/21gcx5taoyklt.js:8:39427
    at https://vercel.com/_next/static/immutable/chunks/21gcx5taoyklt.js:8:32584
    at https://vercel.com/_next/static/immutable/chunks/21gcx5taoyklt.js:8:30985
    at https://vercel.com/_next/static/immutable/chunks/21gcx5taoyklt.js:8:49137
    at https://vercel.com/_next/static/immutable/chunks/2vo5_7zdebicb.js:2:126788
    at https://vercel.com/_next/static/immutable/chunks/2vo5_7zdebicb.js:2:127872
    at body (https://vercel.com/_next/static/immutable/chunks/2vo5_7zdebicb.js:2:128837)
    at nO.While (https://vercel.com/_next/static/immutable/chunks/21gcx5taoyklt.js:9:44530)
    at https://vercel.com/_next/static/immutable/chunks/21gcx5taoyklt.js:9:45557
    at Object.context (https://vercel.com/_next/static/immutable/chunks/21gcx5taoyklt.js:8:141843)
    at nO.runLoop (https://vercel.com/_next/static/immutable/chunks/21gcx5taoyklt.js:9:45110)
    at nO.evaluateEffect (https://vercel.com/_next/static/immutable/chunks/21gcx5taoyklt.js:9:39069)
    at nO.evaluateMessageWhileSuspended (https://vercel.com/_next/static/immutable/chunks/21gcx5taoyklt.js:9:38688)
    at nO.drainQueueOnCurrentThread (https://vercel.com/_next/static/immutable/chunks/21gcx5taoyklt.js:9:35973)
    at Array.run (https://vercel.com/_next/static/immutable/chunks/21gcx5taoyklt.js:9:45979)
    at starveInternal (https://vercel.com/_next/static/immutable/chunks/21gcx5taoyklt.js:5:2488)
    at https://vercel.com/_next/static/immutable/chunks/21gcx5taoyklt.js:5:3280 {attributes: Object} @ https://vercel.com/_next/static/immutable/chunks/1_ykvngsw_fry.js:8
[   35394ms] [ERROR] Transient network error SearchStreamStuckError
    at F.effect_instruction_i1 (https://vercel.com/_next/static/immutable/chunks/2wr9n_1fb4s_q.js:2:14807)
    at https://vercel.com/_next/static/immutable/chunks/21gcx5taoyklt.js:9:31372
    at https://vercel.com/_next/static/immutable/chunks/43wjusi2m5k98.js:3:30949
    at Object.OnSuccess (https://vercel.com/_next/static/immutable/chunks/21gcx5taoyklt.js:9:31365)
    at nO.Sync (https://vercel.com/_next/static/immutable/chunks/21gcx5taoyklt.js:9:41324)
    at https://vercel.com/_next/static/immutable/chunks/21gcx5taoyklt.js:9:45557
    at Object.context (https://vercel.com/_next/static/immutable/chunks/21gcx5taoyklt.js:8:141843)
    at nO.runLoop (https://vercel.com/_next/static/immutable/chunks/21gcx5taoyklt.js:9:45110)
    at nO.evaluateEffect (https://vercel.com/_next/static/immutable/chunks/21gcx5taoyklt.js:9:39069)
    at nO.evaluateMessageWhileSuspended (https://vercel.com/_next/static/immutable/chunks/21gcx5taoyklt.js:9:38688)
    at nO.drainQueueOnCurrentThread (https://vercel.com/_next/static/immutable/chunks/21gcx5taoyklt.js:9:35973)
    at Array.run (https://vercel.com/_next/static/immutable/chunks/21gcx5taoyklt.js:9:45979)
    at starveInternal (https://vercel.com/_next/static/immutable/chunks/21gcx5taoyklt.js:5:2488)
    at https://vercel.com/_next/static/immutable/chunks/21gcx5taoyklt.js:5:3280 @ https://vercel.com/_next/static/immutable/chunks/1_ykvngsw_fry.js:8
[   35395ms] [ERROR] SearchStreamStuckError
    at F.effect_instruction_i1 (https://vercel.com/_next/static/immutable/chunks/2wr9n_1fb4s_q.js:2:14807)
    at https://vercel.com/_next/static/immutable/chunks/21gcx5taoyklt.js:9:31372
    at https://vercel.com/_next/static/immutable/chunks/43wjusi2m5k98.js:3:30949
    at Object.OnSuccess (https://vercel.com/_next/static/immutable/chunks/21gcx5taoyklt.js:9:31365)
    at nO.Sync (https://vercel.com/_next/static/immutable/chunks/21gcx5taoyklt.js:9:41324)
    at https://vercel.com/_next/static/immutable/chunks/21gcx5taoyklt.js:9:45557
    at Object.context (https://vercel.com/_next/static/immutable/chunks/21gcx5taoyklt.js:8:141843)
    at nO.runLoop (https://vercel.com/_next/static/immutable/chunks/21gcx5taoyklt.js:9:45110)
    at nO.evaluateEffect (https://vercel.com/_next/static/immutable/chunks/21gcx5taoyklt.js:9:39069)
    at nO.evaluateMessageWhileSuspended (https://vercel.com/_next/static/immutable/chunks/21gcx5taoyklt.js:9:38688)
    at nO.drainQueueOnCurrentThread (https://vercel.com/_next/static/immutable/chunks/21gcx5taoyklt.js:9:35973)
    at Array.run (https://vercel.com/_next/static/immutable/chunks/21gcx5taoyklt.js:9:45979)
    at starveInternal (https://vercel.com/_next/static/immutable/chunks/21gcx5taoyklt.js:5:2488)
    at https://vercel.com/_next/static/immutable/chunks/21gcx5taoyklt.js:5:3280 {attributes: Object} @ https://vercel.com/_next/static/immutable/chunks/1_ykvngsw_fry.js:8
[   35404ms] [ERROR] Transient network error SearchStreamStuckError
    at F.effect_instruction_i1 (https://vercel.com/_next/static/immutable/chunks/2wr9n_1fb4s_q.js:2:14807)
    at https://vercel.com/_next/static/immutable/chunks/21gcx5taoyklt.js:9:31372
    at https://vercel.com/_next/static/immutable/chunks/43wjusi2m5k98.js:3:30949
    at Object.OnSuccess (https://vercel.com/_next/static/immutable/chunks/21gcx5taoyklt.js:9:31365)
    at nO.Sync (https://vercel.com/_next/static/immutable/chunks/21gcx5taoyklt.js:9:41324)
    at https://vercel.com/_next/static/immutable/chunks/21gcx5taoyklt.js:9:45557
    at Object.context (https://vercel.com/_next/static/immutable/chunks/21gcx5taoyklt.js:8:141843)
    at nO.runLoop (https://vercel.com/_next/static/immutable/chunks/21gcx5taoyklt.js:9:45110)
    at nO.evaluateEffect (https://vercel.com/_next/static/immutable/chunks/21gcx5taoyklt.js:9:39069)
    at nO.evaluateMessageWhileSuspended (https://vercel.com/_next/static/immutable/chunks/21gcx5taoyklt.js:9:38688)
    at nO.drainQueueOnCurrentThread (https://vercel.com/_next/static/immutable/chunks/21gcx5taoyklt.js:9:35973)
    at Array.run (https://vercel.com/_next/static/immutable/chunks/21gcx5taoyklt.js:9:45979)
    at starveInternal (https://vercel.com/_next/static/immutable/chunks/21gcx5taoyklt.js:5:2488)
    at https://vercel.com/_next/static/immutable/chunks/21gcx5taoyklt.js:5:3280 @ https://vercel.com/_next/static/immutable/chunks/1_ykvngsw_fry.js:8
[   35564ms] [ERROR] Transient network error SearchStreamStuckError
    at F.effect_instruction_i1 (https://vercel.com/_next/static/immutable/chunks/2wr9n_1fb4s_q.js:2:14807)
    at https://vercel.com/_next/static/immutable/chunks/21gcx5taoyklt.js:9:31372
    at https://vercel.com/_next/static/immutable/chunks/43wjusi2m5k98.js:3:30949
    at Object.OnSuccess (https://vercel.com/_next/static/immutable/chunks/21gcx5taoyklt.js:9:31365)
    at nO.Sync (https://vercel.com/_next/static/immutable/chunks/21gcx5taoyklt.js:9:41324)
    at https://vercel.com/_next/static/immutable/chunks/21gcx5taoyklt.js:9:45557
    at Object.context (https://vercel.com/_next/static/immutable/chunks/21gcx5taoyklt.js:8:141843)
    at nO.runLoop (https://vercel.com/_next/static/immutable/chunks/21gcx5taoyklt.js:9:45110)
    at nO.evaluateEffect (https://vercel.com/_next/static/immutable/chunks/21gcx5taoyklt.js:9:39069)
    at nO.evaluateMessageWhileSuspended (https://vercel.com/_next/static/immutable/chunks/21gcx5taoyklt.js:9:38688)
    at nO.drainQueueOnCurrentThread (https://vercel.com/_next/static/immutable/chunks/21gcx5taoyklt.js:9:35973)
    at Array.run (https://vercel.com/_next/static/immutable/chunks/21gcx5taoyklt.js:9:45979)
    at starveInternal (https://vercel.com/_next/static/immutable/chunks/21gcx5taoyklt.js:5:2488)
    at https://vercel.com/_next/static/immutable/chunks/21gcx5taoyklt.js:5:3280 @ https://vercel.com/_next/static/immutable/chunks/1_ykvngsw_fry.js:8
[   35855ms] [ERROR] Transient network error SearchStreamStuckError
    at F.effect_instruction_i1 (https://vercel.com/_next/static/immutable/chunks/2wr9n_1fb4s_q.js:2:14807)
    at https://vercel.com/_next/static/immutable/chunks/21gcx5taoyklt.js:9:31372
    at https://vercel.com/_next/static/immutable/chunks/43wjusi2m5k98.js:3:30949
    at Object.OnSuccess (https://vercel.com/_next/static/immutable/chunks/21gcx5taoyklt.js:9:31365)
    at nO.Sync (https://vercel.com/_next/static/immutable/chunks/21gcx5taoyklt.js:9:41324)
    at https://vercel.com/_next/static/immutable/chunks/21gcx5taoyklt.js:9:45557
    at Object.context (https://vercel.com/_next/static/immutable/chunks/21gcx5taoyklt.js:8:141843)
    at nO.runLoop (https://vercel.com/_next/static/immutable/chunks/21gcx5taoyklt.js:9:45110)
    at nO.evaluateEffect (https://vercel.com/_next/static/immutable/chunks/21gcx5taoyklt.js:9:39069)
    at nO.evaluateMessageWhileSuspended (https://vercel.com/_next/static/immutable/chunks/21gcx5taoyklt.js:9:38688)
    at nO.drainQueueOnCurrentThread (https://vercel.com/_next/static/immutable/chunks/21gcx5taoyklt.js:9:35973)
    at Array.run (https://vercel.com/_next/static/immutable/chunks/21gcx5taoyklt.js:9:45979)
    at starveInternal (https://vercel.com/_next/static/immutable/chunks/21gcx5taoyklt.js:5:2488)
    at https://vercel.com/_next/static/immutable/chunks/21gcx5taoyklt.js:5:3280 @ https://vercel.com/_next/static/immutable/chunks/1_ykvngsw_fry.js:8
[   38338ms] [WARNING] The resource https://vercel.com/_next/static/immutable/chunks/3flhcz7cw314y.css was preloaded using link preload but not used within a few seconds from the window's load event. Please make sure it has an appropriate `as` value and it is preloaded intentionally. @ https://vercel.com/domains/search?q=pasteleriafatimauy.com:0
[   38338ms] [WARNING] The resource https://vercel.com/_next/static/immutable/chunks/1n2ul1ugm573d.css was preloaded using link preload but not used within a few seconds from the window's load event. Please make sure it has an appropriate `as` value and it is preloaded intentionally. @ https://vercel.com/domains/search?q=pasteleriafatimauy.com:0
