[    1204ms] [INFO] ILC plugins SDK: Enabling "reporting" plugin ... @ https://spaceship-cdn.com/ilc-conventional/9221f2db1eced173433ff120ff9a8be6e76a44d8/client.js:97
[    1204ms] [INFO] ILC plugins SDK: Enabling "transitionHooks" plugin ... @ https://spaceship-cdn.com/ilc-conventional/9221f2db1eced173433ff120ff9a8be6e76a44d8/client.js:97
[    1208ms] [INFO] {now: 1786668371, hash: 3718087656, memoName: registry_getTemplate, id: undefined, cachedAt: 1786668339} [ILC Cache]: Item read from cache. Cache is actual @ https://spaceship-cdn.com/ilc-conventional/9221f2db1eced173433ff120ff9a8be6e76a44d8/client.js:97
[    1265ms] [INFO] ILC: Registry service preheated successfully @ https://spaceship-cdn.com/ilc-conventional/9221f2db1eced173433ff120ff9a8be6e76a44d8/client.js:97
[    1274ms] [INFO] ILC: Registering app @cookieconsent after 64.79999999701977 milliseconds. @ https://spaceship-cdn.com/ilc-conventional/9221f2db1eced173433ff120ff9a8be6e76a44d8/client.js:97
[    1280ms] [INFO] ILC: Registering app @header after 70.90000000596046 milliseconds. @ https://spaceship-cdn.com/ilc-conventional/9221f2db1eced173433ff120ff9a8be6e76a44d8/client.js:97
[    1282ms] [INFO] ILC: Registering app @user-restrictions after 72.79999999701977 milliseconds. @ https://spaceship-cdn.com/ilc-conventional/9221f2db1eced173433ff120ff9a8be6e76a44d8/client.js:97
[    1283ms] [INFO] ILC: Registering app @body after 74.20000000298023 milliseconds. @ https://spaceship-cdn.com/ilc-conventional/9221f2db1eced173433ff120ff9a8be6e76a44d8/client.js:97
[    1284ms] [INFO] ILC: Registering app @newsletter after 75.40000000596046 milliseconds. @ https://spaceship-cdn.com/ilc-conventional/9221f2db1eced173433ff120ff9a8be6e76a44d8/client.js:97
[    1286ms] [INFO] ILC: Registering app @footer after 76.70000000298023 milliseconds. @ https://spaceship-cdn.com/ilc-conventional/9221f2db1eced173433ff120ff9a8be6e76a44d8/client.js:97
[    1287ms] [INFO] ILC: Registering app @wizard after 78.1000000089407 milliseconds. @ https://spaceship-cdn.com/ilc-conventional/9221f2db1eced173433ff120ff9a8be6e76a44d8/client.js:97
[    1288ms] [INFO] ILC: Registering app @alf-launcher after 79.5 milliseconds. @ https://spaceship-cdn.com/ilc-conventional/9221f2db1eced173433ff120ff9a8be6e76a44d8/client.js:97
[    1806ms] [INFO] ILC: Client side route change to "/domain-search/*" took 550 milliseconds. @ https://spaceship-cdn.com/ilc-conventional/9221f2db1eced173433ff120ff9a8be6e76a44d8/client.js:97
[    1807ms] [INFO] ILC: Client side route change to "/domain-search/*" but <title> is <empty> @ https://spaceship-cdn.com/ilc-conventional/9221f2db1eced173433ff120ff9a8be6e76a44d8/client.js:97
[    2368ms] [ERROR] Blocked script execution in 'about:blank' because the document's frame is sandboxed and the 'allow-scripts' permission is not set. @ about:blank:0
[    2368ms] [ERROR] Blocked script execution in 'about:blank' because the document's frame is sandboxed and the 'allow-scripts' permission is not set. @ about:blank:0
[    2575ms] [ERROR] Loading the image 'https://www.google.com.uy/pagead/1p-user-list/11087426027/?random=1786668372226&cv=11&fst=1786665600000&bg=ffffff&guid=ON&async=1&gtm=45892e68c1v9169053390z8812356919za20gzb812356919zd812356919xea&gcd=13t3t3t3t5l1&dma=0&tag_exp=115938465~115938468~118897920~118897930~119367802~119367810~119527020~120125304~120385423&u_w=412&u_h=823&url=https%3A%2F%2Fwww.spaceship.com%2Fdomain-search%2F%3Ftab%3Dpricing%26query%3D&rcb=1&frm=0&tiba=Domain%20Name%20Search%20%7C%20Free%20Domain%20Availability%20Tool%20-%20Space...e%3B151.0.7922.109%7CChromium%3B151.0.7922.109&uamb=0&uam=&uap=Windows&uapv=19.0.0&uaw=0&_tu=CA&data=ads_data_redaction%3Dfalse&gap.gtb=2&ept=9&rfmt=3&fmt=3&is_vtc=1&cid=CAQS4QEAEQoqgUqVgQko5dtFqrh4nue4VIYgrEAiw-BEHYb4BUYUfLGCLHkZvYxF5KLm7VRfWCHywkDmDAUPqnUeGx3Q3lOozBNtir2TGmH05JSW8BPWONqDfOK8m2SgDbmvgBRjcckQWbozIcCP8MkFHeYbuF2WRBamsBldM4bxmFN7Qw46SUmKJTw9vmGppvwEjmdkKw_SCvcCTiCyrF8-dMFcNm5IquKTwLnfjtGzmDxSR66LSkGeKi6RcE9i1UY0lg9AgdN0R23SJLdDm0xK2ux4RQ6mQ4qFPGDxBHDPAeabuUk&random=877596274&rmt_tld=1&ipr=y' violates the following Content Security Policy directive: "img-src 'self' https://spaceship-cdn.com https://*.paypal.com https://*.google-analytics.com https://*.analytics.google.com https://*.googletagmanager.com https://*.doubleclick.net https://*.google.com https://bam.nr-data.net blob: data: https://*.crazyegg.com https://api.producthunt.com https://ads-twitter.com https://ads-api.twitter.com https://analytics.twitter.com https://bat.bing.com https://bat.bing.net https://t.co https://www.facebook.com https://*.trustpilot.com https://static.websitebuilder-cdn.com https://thumbnail.easywp.com https://*.reddit.com https://*.twimg.com". The action has been blocked. @ https://www.spaceship.com/domain-search/?tab=pricing&query=:0
[    2603ms] [WARNING] [Meta Pixel] - Removed URL query parameters due to potential violations. @ https://connect.facebook.net/en_US/fbevents.js:197
[    2615ms] [WARNING] [Meta Pixel] - You are sending a non-standard event 'DomainSearch'. The preferred way to send these events is using trackCustom. See 'https://developers.facebook.com/docs/ads-for-websites/pixel-events/#events' for more information. @ https://connect.facebook.net/en_US/fbevents.js:197
[    2647ms] [ERROR] Blocked script execution in 'about:blank' because the document's frame is sandboxed and the 'allow-scripts' permission is not set. @ about:blank:0
[    2647ms] [ERROR] Blocked script execution in 'about:blank' because the document's frame is sandboxed and the 'allow-scripts' permission is not set. @ about:blank:0
[    2649ms] [ERROR] Framing 'https://www.facebook.com/' violates the following Content Security Policy directive: "frame-src https://*.paypal.com https://js.stripe.com https://www.google.com https://*.doubleclick.net https://*.googletagmanager.com https://*.crazyegg.com https://*.trustpilot.com https://chat.engagement.ai blob: https://hooks.stripe.com https://challenges.cloudflare.com https://cdn.plaid.com https://www.spaceship.com https://alf-website.www.spaceship.com https://www.youtube-nocookie.com https://platform.twitter.com https://*.veriff.com https://*.veriff.me". The request has been blocked.
 @ https://www.spaceship.com/a8qr77ff/S3YIkbn2NDYsbgkCuYfmYY93BW5pOSBgzpbWyczxEagThwrT5apsZcU:864
[    2668ms] [ERROR] Framing 'https://www.facebook.com/' violates the following Content Security Policy directive: "frame-src https://*.paypal.com https://js.stripe.com https://www.google.com https://*.doubleclick.net https://*.googletagmanager.com https://*.crazyegg.com https://*.trustpilot.com https://chat.engagement.ai blob: https://hooks.stripe.com https://challenges.cloudflare.com https://cdn.plaid.com https://www.spaceship.com https://alf-website.www.spaceship.com https://www.youtube-nocookie.com https://platform.twitter.com https://*.veriff.com https://*.veriff.me". The request has been blocked.
 @ https://www.spaceship.com/a8qr77ff/S3YIkbn2NDYsbgkCuYfmYY93BW5pOSBgzpbWyczxEagThwrT5apsZcU:864
