[     421ms] [ERROR] Attestation check for Attribution Reporting on https://ara.paa-reporting-advertising.amazon failed. @ https://www.godaddy.com/es/dominios/resultados-busqueda-dominio?checkAvail=1&domainToCheck=pasteleriafatimauy.com:0
[     491ms] [ERROR] Attestation check for Shared Storage on https://ara.paa-reporting-advertising.amazon failed. @ https://www.godaddy.com/es/dominios/resultados-busqueda-dominio?checkAvail=1&domainToCheck=pasteleriafatimauy.com:0
[     608ms] [ERROR] Invalid command sent to data layer undefined [cmdLogEvent, impression, ads.adPlacementKey_fos-404-house.omsId_baseline/ps…8f40887b7469f9053e538a7e05451.viewable.impression, undefined] @ https://edge.fullstory.com/s/fs.js:1
[     713ms] [ERROR] Failed to load resource: the server responded with a status of 404 () @ https://www.godaddy.com/es/device-risk/general5/gCXbkfe08EXkWVwoV47pGOwRrZgO9gm1DGsVtkV4Wiw/static_wdp.js?loaderVer=5.8.1&compat=false&tp=true&tp_split=false&fp_static=true&fp_dyn=true:0
[    4002ms] [WARNING] A preload for 'https://img6.wsimg.com/wrhs-next/ffb39ed13b249344671b9058ebe1e00f/storefront-header.js' is found, but is not used because the request credentials mode does not match. Consider taking a look at crossorigin attribute. @ https://www.godaddy.com/es/domainsearch/find?domainToCheck=pasteleriafatimauy.com:0
[    5257ms] Error: Minified React error #421; visit https://reactjs.org/docs/error-decoder.html?invariant=421 for the full message or use the non-minified dev environment for full errors and additional helpful warnings.
    at https://img6.wsimg.com/ux-assets/react/18/jsx/react-dom.umd.js:10:79576
    at Do (https://img6.wsimg.com/ux-assets/react/18/jsx/react-dom.umd.js:10:79850)
    at wi (https://img6.wsimg.com/ux-assets/react/18/jsx/react-dom.umd.js:10:121083)
    at vs (https://img6.wsimg.com/ux-assets/react/18/jsx/react-dom.umd.js:10:108458)
    at hs (https://img6.wsimg.com/ux-assets/react/18/jsx/react-dom.umd.js:10:108386)
    at ms (https://img6.wsimg.com/ux-assets/react/18/jsx/react-dom.umd.js:10:108249)
    at ts (https://img6.wsimg.com/ux-assets/react/18/jsx/react-dom.umd.js:10:103414)
    at w (https://img6.wsimg.com/ux-assets/react/18/jsx/react-dom.umd.js:1:1856)
    at MessagePort.P (https://img6.wsimg.com/ux-assets/react/18/jsx/react-dom.umd.js:1:2388)
[   10080ms] [LOG] data = {standardEventName: PageView, tagIds: Array(5), eventName: standard, advancedMatching: false, includeTcf: false} @ https://img1.wsimg.com/tagging/js/g.js?p=GTM-5WB8X7D&l=_wGtmDataLayer:1010
[   12612ms] [WARNING] [Meta Pixel] - Invalid parameter format for currency. Please refer https://developers.facebook.com/docs/meta-pixel/reference/ for valid parameter specifications. @ https://connect.facebook.net/en_US/fbevents.js:197
[   12883ms] [WARNING] The resource https://img6.wsimg.com/serpimg/img/solutionsimg/serp_animation_loader.gif was preloaded using link preload but not used within a few seconds from the window's load event. Please make sure it has an appropriate `as` value and it is preloaded intentionally. @ https://www.godaddy.com/es/domainsearch/find?domainToCheck=pasteleriafatimauy.com:0
[   12883ms] [WARNING] The resource https://img6.wsimg.com/wrhs-next/ffb39ed13b249344671b9058ebe1e00f/storefront-header.js was preloaded using link preload but not used within a few seconds from the window's load event. Please make sure it has an appropriate `as` value and it is preloaded intentionally. @ https://www.godaddy.com/es/domainsearch/find?domainToCheck=pasteleriafatimauy.com:0
[   12976ms] Unexpected identifier 'content'
[   18318ms] [ERROR] Request timed out @ https://edge.fullstory.com/s/fs.js:1
[   19017ms] [ERROR] Attestation check for Attribution Reporting on https://ara.paa-reporting-advertising.amazon failed. @ https://www.godaddy.com/es/domainsearch/find?domainToCheck=pasteleriafatimauy.com:0
[   19145ms] [ERROR] Attestation check for Shared Storage on https://ara.paa-reporting-advertising.amazon failed. @ https://www.godaddy.com/es/domainsearch/find?domainToCheck=pasteleriafatimauy.com:0
[   28172ms] [WARNING] The resource https://img6.wsimg.com/serpimg/img/solutionsimg/serp_animation_loader.gif was preloaded using link preload but not used within a few seconds from the window's load event. Please make sure it has an appropriate `as` value and it is preloaded intentionally. @ https://www.godaddy.com/es/domainsearch/find?domainToCheck=pasteleriafatimauy.com:0
[   28172ms] [WARNING] The resource https://img6.wsimg.com/wrhs-next/ffb39ed13b249344671b9058ebe1e00f/storefront-header.js was preloaded using link preload but not used within a few seconds from the window's load event. Please make sure it has an appropriate `as` value and it is preloaded intentionally. @ https://www.godaddy.com/es/domainsearch/find?domainToCheck=pasteleriafatimauy.com:0
[   33103ms] [WARNING] The resource https://img6.wsimg.com/serpimg/img/solutionsimg/serp_animation_loader.gif was preloaded using link preload but not used within a few seconds from the window's load event. Please make sure it has an appropriate `as` value and it is preloaded intentionally. @ https://www.godaddy.com/es/domainsearch/find?domainToCheck=pasteleriafatimauy.com:0
[   33103ms] [WARNING] The resource https://img6.wsimg.com/wrhs-next/ffb39ed13b249344671b9058ebe1e00f/storefront-header.js was preloaded using link preload but not used within a few seconds from the window's load event. Please make sure it has an appropriate `as` value and it is preloaded intentionally. @ https://www.godaddy.com/es/domainsearch/find?domainToCheck=pasteleriafatimauy.com:0
